Component: ARM Compiler 5.05 update 1 (build 106) Tool: armlink [4d0efa]

==============================================================================

Section Cross References

    startup_stm32f103xb.o(STACK) refers (Special) to heapauxi.o(.text) for __use_two_region_memory
    startup_stm32f103xb.o(HEAP) refers (Special) to heapauxi.o(.text) for __use_two_region_memory
    startup_stm32f103xb.o(RESET) refers (Special) to heapauxi.o(.text) for __use_two_region_memory
    startup_stm32f103xb.o(RESET) refers to startup_stm32f103xb.o(STACK) for __initial_sp
    startup_stm32f103xb.o(RESET) refers to startup_stm32f103xb.o(.text) for Reset_Handler
    startup_stm32f103xb.o(RESET) refers to stm32f1xx_it.o(i.NMI_Handler) for NMI_Handler
    startup_stm32f103xb.o(RESET) refers to stm32f1xx_it.o(i.HardFault_Handler) for HardFault_Handler
    startup_stm32f103xb.o(RESET) refers to stm32f1xx_it.o(i.MemManage_Handler) for MemManage_Handler
    startup_stm32f103xb.o(RESET) refers to stm32f1xx_it.o(i.BusFault_Handler) for BusFault_Handler
    startup_stm32f103xb.o(RESET) refers to stm32f1xx_it.o(i.UsageFault_Handler) for UsageFault_Handler
    startup_stm32f103xb.o(RESET) refers to stm32f1xx_it.o(i.SVC_Handler) for SVC_Handler
    startup_stm32f103xb.o(RESET) refers to stm32f1xx_it.o(i.DebugMon_Handler) for DebugMon_Handler
    startup_stm32f103xb.o(RESET) refers to stm32f1xx_it.o(i.PendSV_Handler) for PendSV_Handler
    startup_stm32f103xb.o(RESET) refers to stm32f1xx_it.o(i.SysTick_Handler) for SysTick_Handler
    startup_stm32f103xb.o(RESET) refers to stm32f1xx_it.o(i.USART1_IRQHandler) for USART1_IRQHandler
    startup_stm32f103xb.o(.text) refers (Special) to heapauxi.o(.text) for __use_two_region_memory
    startup_stm32f103xb.o(.text) refers to system_stm32f1xx.o(i.SystemInit) for SystemInit
    startup_stm32f103xb.o(.text) refers to __main.o(!!!main) for __main
    startup_stm32f103xb.o(.text) refers to startup_stm32f103xb.o(HEAP) for Heap_Mem
    startup_stm32f103xb.o(.text) refers to startup_stm32f103xb.o(STACK) for Stack_Mem
    main.o(i.SystemClock_Config) refers to rt_memclr_w.o(.text) for __aeabi_memclr4
    main.o(i.SystemClock_Config) refers to stm32f1xx_hal_rcc.o(i.HAL_RCC_OscConfig) for HAL_RCC_OscConfig
    main.o(i.SystemClock_Config) refers to stm32f1xx_hal_rcc.o(i.HAL_RCC_ClockConfig) for HAL_RCC_ClockConfig
    main.o(i.SystemClock_Config) refers to stm32f1xx_hal_rcc.o(i.HAL_RCC_MCOConfig) for HAL_RCC_MCOConfig
    main.o(i.main) refers to stm32f1xx_hal.o(i.HAL_Init) for HAL_Init
    main.o(i.main) refers to main.o(i.SystemClock_Config) for SystemClock_Config
    main.o(i.main) refers to gpio.o(i.MX_GPIO_Init) for MX_GPIO_Init
    main.o(i.main) refers to usart.o(i.MX_USART1_UART_Init) for MX_USART1_UART_Init
    main.o(i.main) refers to myusart1.o(i.MyUSART1_Init) for MyUSART1_Init
    main.o(i.main) refers to delay.o(i.delay_init) for delay_init
    main.o(i.main) refers to ad9834.o(i.AD9834_Init) for AD9834_Init
    main.o(i.main) refers to ad9834.o(i.AD9834_Select_Wave) for AD9834_Select_Wave
    main.o(i.main) refers to ad9834.o(i.AD9834_Set_Freq) for AD9834_Set_Freq
    main.o(i.main) refers to ad9959.o(i.Init_AD9959) for Init_AD9959
    main.o(i.main) refers to ad9959.o(i.AD9959_SetFrequency4Channel) for AD9959_SetFrequency4Channel
    main.o(i.main) refers to ad9959.o(i.AD9959_SetPhase4Channel) for AD9959_SetPhase4Channel
    main.o(i.main) refers to ad9959.o(i.AD9959_SetAmp4Channel) for AD9959_SetAmp4Channel
    main.o(i.main) refers to ad9910.o(i.Init_ad9910) for Init_ad9910
    main.o(i.main) refers to ad9910.o(i.Freq_convert) for Freq_convert
    main.o(i.main) refers to ad9910.o(i.Amp_convert) for Amp_convert
    main.o(i.main) refers to usart_control.o(i.USTART_Control) for USTART_Control
    main.o(i.main) refers to usart.o(.bss) for huart1
    gpio.o(i.MX_GPIO_Init) refers to stm32f1xx_hal_gpio.o(i.HAL_GPIO_WritePin) for HAL_GPIO_WritePin
    gpio.o(i.MX_GPIO_Init) refers to stm32f1xx_hal_gpio.o(i.HAL_GPIO_Init) for HAL_GPIO_Init
    usart.o(i.HAL_UART_MspDeInit) refers to stm32f1xx_hal_gpio.o(i.HAL_GPIO_DeInit) for HAL_GPIO_DeInit
    usart.o(i.HAL_UART_MspDeInit) refers to stm32f1xx_hal_cortex.o(i.HAL_NVIC_DisableIRQ) for HAL_NVIC_DisableIRQ
    usart.o(i.HAL_UART_MspInit) refers to stm32f1xx_hal_gpio.o(i.HAL_GPIO_Init) for HAL_GPIO_Init
    usart.o(i.HAL_UART_MspInit) refers to stm32f1xx_hal_cortex.o(i.HAL_NVIC_SetPriority) for HAL_NVIC_SetPriority
    usart.o(i.HAL_UART_MspInit) refers to stm32f1xx_hal_cortex.o(i.HAL_NVIC_EnableIRQ) for HAL_NVIC_EnableIRQ
    usart.o(i.MX_USART1_UART_Init) refers to stm32f1xx_hal_uart.o(i.HAL_UART_Init) for HAL_UART_Init
    usart.o(i.MX_USART1_UART_Init) refers to main.o(i.Error_Handler) for Error_Handler
    usart.o(i.MX_USART1_UART_Init) refers to usart.o(.bss) for .bss
    stm32f1xx_it.o(i.SysTick_Handler) refers to stm32f1xx_hal.o(i.HAL_IncTick) for HAL_IncTick
[...]
    ../mathlib/ldexp.c                       0x00000000   Number         0  ldexp_x.o ABSOLUTE
    ../mathlib/ldexp.c                       0x00000000   Number         0  ldexp.o ABSOLUTE
    ../mathlib/narrow.c                      0x00000000   Number         0  narrow.o ABSOLUTE
    ../mathlib/qnan.c                        0x00000000   Number         0  qnan.o ABSOLUTE
    ..\Core\Src\gpio.c                       0x00000000   Number         0  gpio.o ABSOLUTE
    ..\Core\Src\main.c                       0x00000000   Number         0  main.o ABSOLUTE
    ..\Core\Src\stm32f1xx_hal_msp.c          0x00000000   Number         0  stm32f1xx_hal_msp.o ABSOLUTE
    ..\Core\Src\stm32f1xx_it.c               0x00000000   Number         0  stm32f1xx_it.o ABSOLUTE
    ..\Core\Src\system_stm32f1xx.c           0x00000000   Number         0  system_stm32f1xx.o ABSOLUTE
    ..\Core\Src\usart.c                      0x00000000   Number         0  usart.o ABSOLUTE
    ..\Drivers\STM32F1xx_HAL_Driver\Src\stm32f1xx_hal.c 0x00000000   Number         0  stm32f1xx_hal.o ABSOLUTE
    ..\Drivers\STM32F1xx_HAL_Driver\Src\stm32f1xx_hal_cortex.c 0x00000000   Number         0  stm32f1xx_hal_cortex.o ABSOLUTE
    ..\Drivers\STM32F1xx_HAL_Driver\Src\stm32f1xx_hal_dma.c 0x00000000   Number         0  stm32f1xx_hal_dma.o ABSOLUTE
    ..\Drivers\STM32F1xx_HAL_Driver\Src\stm32f1xx_hal_exti.c 0x00000000   Number         0  stm32f1xx_hal_exti.o ABSOLUTE
    ..\Drivers\STM32F1xx_HAL_Driver\Src\stm32f1xx_hal_flash.c 0x00000000   Number         0  stm32f1xx_hal_flash.o ABSOLUTE
    ..\Drivers\STM32F1xx_HAL_Driver\Src\stm32f1xx_hal_flash_ex.c 0x00000000   Number         0  stm32f1xx_hal_flash_ex.o ABSOLUTE
    ..\Drivers\STM32F1xx_HAL_Driver\Src\stm32f1xx_hal_gpio.c 0x00000000   Number         0  stm32f1xx_hal_gpio.o ABSOLUTE
    ..\Drivers\STM32F1xx_HAL_Driver\Src\stm32f1xx_hal_gpio_ex.c 0x00000000   Number         0  stm32f1xx_hal_gpio_ex.o ABSOLUTE
    ..\Drivers\STM32F1xx_HAL_Driver\Src\stm32f1xx_hal_pwr.c 0x00000000   Number         0  stm32f1xx_hal_pwr.o ABSOLUTE
    ..\Drivers\STM32F1xx_HAL_Driver\Src\stm32f1xx_hal_rcc.c 0x00000000   Number         0  stm32f1xx_hal_rcc.o ABSOLUTE
    ..\Drivers\STM32F1xx_HAL_Driver\Src\stm32f1xx_hal_rcc_ex.c 0x00000000   Number         0  stm32f1xx_hal_rcc_ex.o ABSOLUTE
    ..\Drivers\STM32F1xx_HAL_Driver\Src\stm32f1xx_hal_tim.c 0x00000000   Number         0  stm32f1xx_hal_tim.o ABSOLUTE
    ..\Drivers\STM32F1xx_HAL_Driver\Src\stm32f1xx_hal_tim_ex.c 0x00000000   Number         0  stm32f1xx_hal_tim_ex.o ABSOLUTE
    ..\Drivers\STM32F1xx_HAL_Driver\Src\stm32f1xx_hal_uart.c 0x00000000   Number         0  stm32f1xx_hal_uart.o ABSOLUTE
    ..\Module\AD9834\AD9834.c                0x00000000   Number         0  ad9834.o ABSOLUTE
    ..\Module\AD9910\ad9910.c                0x00000000   Number         0  ad9910.o ABSOLUTE
    ..\Module\AD9959\AD9959.C                0x00000000   Number         0  ad9959.o ABSOLUTE
    ..\Module\DELAY\delay.c                  0x00000000   Number         0  delay.o ABSOLUTE
    ..\Module\USART\myusart1.c               0x00000000   Number         0  myusart1.o ABSOLUTE
    ..\Module\USART_Control\USART_Control.c  0x00000000   Number         0  usart_control.o ABSOLUTE
    ..\\Module\\AD9834\\AD9834.c             0x00000000   Number         0  ad9834.o ABSOLUTE
    ..\\Module\\AD9910\\ad9910.c             0x00000000   Number         0  ad9910.o ABSOLUTE
    ..\\Module\\AD9959\\AD9959.C             0x00000000   Number         0  ad9959.o ABSOLUTE
    ..\\Module\\DELAY\\delay.c               0x00000000   Number         0  delay.o ABSOLUTE
    ..\\Module\\USART\\myusart1.c            0x00000000   Number         0  myusart1.o ABSOLUTE
    ..\\Module\\USART_Control\\USART_Control.c 0x00000000   Number         0  usart_control.o ABSOLUTE
    dc.s                                     0x00000000   Number         0  dc.o ABSOLUTE
    startup_stm32f103xb.s                    0x00000000   Number         0  startup_stm32f103xb.o ABSOLUTE
    RESET                                    0x08000000   Section      236  startup_stm32f103xb.o(RESET)
    !!!main                                  0x080000ec   Section        8  __main.o(!!!main)
    !!!scatter                               0x080000f4   Section       52  __scatter.o(!!!scatter)
    !!handler_copy                           0x08000128   Section       26  __scatter_copy.o(!!handler_copy)
    !!handler_zi                             0x08000144   Section       28  __scatter_zi.o(!!handler_zi)
    .ARM.Collect$$libinit$$00000000          0x08000160   Section        2  libinit.o(.ARM.Collect$$libinit$$00000000)
    .ARM.Collect$$libinit$$00000002          0x08000162   Section        0  libinit2.o(.ARM.Collect$$libinit$$00000002)
    .ARM.Collect$$libinit$$00000004          0x08000162   Section        0  libinit2.o(.ARM.Collect$$libinit$$00000004)
    .ARM.Collect$$libinit$$0000000A          0x08000162   Section        0  libinit2.o(.ARM.Collect$$libinit$$0000000A)
    .ARM.Collect$$libinit$$0000000C          0x08000162   Section        0  libinit2.o(.ARM.Collect$$libinit$$0000000C)
    .ARM.Collect$$libinit$$0000000E          0x08000162   Section        0  libinit2.o(.ARM.Collect$$libinit$$0000000E)
    .ARM.Collect$$libinit$$0000000F          0x08000162   Section        6  libinit2.o(.ARM.Collect$$libinit$$0000000F)
    .ARM.Collect$$libinit$$00000011          0x08000168   Section        0  libinit2.o(.ARM.Collect$$libinit$$00000011)
    .ARM.Collect$$libinit$$00000012          0x08000168   Section       12  libinit2.o(.ARM.Collect$$libinit$$00000012)
    .ARM.Collect$$libinit$$00000013          0x08000174   Section        0  libinit2.o(.ARM.Collect$$libinit$$00000013)
    .ARM.Collect$$libinit$$00000015          0x08000174   Section        0  libinit2.o(.ARM.Collect$$libinit$$00000015)
    .ARM.Collect$$libinit$$00000016          0x08000174   Section       10  libinit2.o(.ARM.Collect$$libinit$$00000016)
    .ARM.Collect$$libinit$$00000017          0x0800017e   Section        0  libinit2.o(.ARM.Collect$$libinit$$00000017)
    .ARM.Collect$$libinit$$00000019          0x0800017e   Section        0  libinit2.o(.ARM.Collect$$libinit$$00000019)
    .ARM.Collect$$libinit$$0000001B          0x0800017e   Section        0  libinit2.o(.ARM.Collect$$libinit$$0000001B)
    .ARM.Collect$$libinit$$0000001D          0x0800017e   Section        0  libinit2.o(.ARM.Collect$$libinit$$0000001D)
    .ARM.Collect$$libinit$$0000001F          0x0800017e   Section        0  libinit2.o(.ARM.Collect$$libinit$$0000001F)
    .ARM.Collect$$libinit$$00000021          0x0800017e   Section        0  libinit2.o(.ARM.Collect$$libinit$$00000021)
    .ARM.Collect$$libinit$$00000023          0x0800017e   Section        0  libinit2.o(.ARM.Collect$$libinit$$00000023)
    .ARM.Collect$$libinit$$00000025          0x0800017e   Section        0  libinit2.o(.ARM.Collect$$libinit$$00000025)
    .ARM.Collect$$libinit$$0000002C          0x0800017e   Section        0  libinit2.o(.ARM.Collect$$libinit$$0000002C)
    .ARM.Collect$$libinit$$0000002E          0x0800017e   Section        0  libinit2.o(.ARM.Collect$$libinit$$0000002E)
    .ARM.Collect$$libinit$$00000030          0x0800017e   Section        0  libinit2.o(.ARM.Collect$$libinit$$00000030)
    .ARM.Collect$$libinit$$00000032          0x0800017e   Section        0  libinit2.o(.ARM.Collect$$libinit$$00000032)
    .ARM.Collect$$libinit$$00000033          0x0800017e   Section        2  libinit2.o(.ARM.Collect$$libinit$$00000033)
    .ARM.Collect$$libshutdown$$00000000      0x08000180   Section        2  libshutdown.o(.ARM.Collect$$libshutdown$$00000000)
    .ARM.Collect$$libshutdown$$00000003      0x08000182   Section        0  libshutdown2.o(.ARM.Collect$$libshutdown$$00000003)
    .ARM.Collect$$libshutdown$$00000006      0x08000182   Section        0  libshutdown2.o(.ARM.Collect$$libshutdown$$00000006)
    .ARM.Collect$$libshutdown$$00000009      0x08000182   Section        0  libshutdown2.o(.ARM.Collect$$libshutdown$$00000009)
    .ARM.Collect$$libshutdown$$0000000B      0x08000182   Section        0  libshutdown2.o(.ARM.Collect$$libshutdown$$0000000B)
    .ARM.Collect$$libshutdown$$0000000E      0x08000182   Section        0  libshutdown2.o(.ARM.Collect$$libshutdown$$0000000E)
    .ARM.Collect$$libshutdown$$0000000F      0x08000182   Section        2  libshutdown2.o(.ARM.Collect$$libshutdown$$0000000F)
    .ARM.Collect$$rtentry$$00000000          0x08000184   Section        0  __rtentry.o(.ARM.Collect$$rtentry$$00000000)
    .ARM.Collect$$rtentry$$00000002          0x08000184   Section        0  __rtentry2.o(.ARM.Collect$$rtentry$$00000002)
    .ARM.Collect$$rtentry$$00000004          0x08000184   Section        6  __rtentry4.o(.ARM.Collect$$rtentry$$00000004)
    .ARM.Collect$$rtentry$$00000009          0x0800018a   Section        0  __rtentry2.o(.ARM.Collect$$rtentry$$00000009)
    .ARM.Collect$$rtentry$$0000000A          0x0800018a   Section        4  __rtentry2.o(.ARM.Collect$$rtentry$$0000000A)
    .ARM.Collect$$rtentry$$0000000C          0x0800018e   Section        0  __rtentry2.o(.ARM.Collect$$rtentry$$0000000C)
    .ARM.Collect$$rtentry$$0000000D          0x0800018e   Section        8  __rtentry2.o(.ARM.Collect$$rtentry$$0000000D)
    .ARM.Collect$$rtexit$$00000000           0x08000196   Section        2  rtexit.o(.ARM.Collect$$rtexit$$00000000)
    .ARM.Collect$$rtexit$$00000002           0x08000198   Section        0  rtexit2.o(.ARM.Collect$$rtexit$$00000002)
    .ARM.Collect$$rtexit$$00000003           0x08000198   Section        4  rtexit2.o(.ARM.Collect$$rtexit$$00000003)
    .ARM.Collect$$rtexit$$00000004           0x0800019c   Section        6  rtexit2.o(.ARM.Collect$$rtexit$$00000004)
    .text                                    0x080001a4   Section       64  startup_stm32f103xb.o(.text)
    .text                                    0x080001e4   Section        0  __0sscanf.o(.text)
    .text                                    0x08000220   Section       78  rt_memclr_w.o(.text)
    .text                                    0x0800026e   Section        0  heapauxi.o(.text)
    .text                                    0x08000274   Section        0  scanf_fp.o(.text)
    _fp_value                                0x08000275   Thumb Code   508  scanf_fp.o(.text)
    .text                                    0x08000718   Section        0  scanf_char.o(.text)
    _scanf_char_input                        0x08000719   Thumb Code    12  scanf_char.o(.text)
    .text                                    0x08000744   Section        0  _sgetc.o(.text)
    .text                                    0x08000784   Section        8  rt_locale_intlibspace.o(.text)
    .text                                    0x0800078c   Section        8  rt_errno_addr_intlibspace.o(.text)
    .text                                    0x08000794   Section        0  isspace.o(.text)
    .text                                    0x080007a8   Section        0  _scanf.o(.text)
    .text                                    0x08000b1c   Section        0  bigflt0.o(.text)
    .text                                    0x08000bf8   Section        8  libspace.o(.text)
    .text                                    0x08000c00   Section       74  sys_stackheap_outer.o(.text)
    .text                                    0x08000c4c   Section       16  rt_ctype_table.o(.text)
    .text                                    0x08000c5c   Section        0  _rserrno.o(.text)
    .text                                    0x08000c74   Section        0  scanf_hexfp.o(.text)
    .text                                    0x08000f8c   Section        0  scanf_infnan.o(.text)
    .text                                    0x080010c0   Section        0  exit.o(.text)
    .text                                    0x080010cc   Section      128  strcmpv7m.o(.text)
    .text                                    0x0800114c   Section       38  llshl.o(.text)
    .text                                    0x08001172   Section        0  _chval.o(.text)
    .text                                    0x08001190   Section        0  sys_exit.o(.text)
    .text                                    0x0800119c   Section        2  use_no_semi.o(.text)
    .text                                    0x0800119e   Section        0  indicate_semi.o(.text)
    CL$$btod_div_common                      0x0800119e   Section      824  btod.o(CL$$btod_div_common)
    CL$$btod_e2d                             0x080014d8   Section       84  btod.o(CL$$btod_e2d)
    CL$$btod_e2e                             0x0800152c   Section      198  btod.o(CL$$btod_e2e)
    CL$$btod_ediv                            0x080015f2   Section       40  btod.o(CL$$btod_ediv)
    CL$$btod_edivd                           0x0800161a   Section       40  btod.o(CL$$btod_edivd)
    CL$$btod_emul                            0x08001642   Section       40  btod.o(CL$$btod_emul)
    CL$$btod_emuld                           0x0800166a   Section       40  btod.o(CL$$btod_emuld)
    CL$$btod_mult_common                     0x08001692   Section      580  btod.o(CL$$btod_mult_common)
    i.AD9834_Init                            0x080018d8   Section        0  ad9834.o(i.AD9834_Init)
    i.AD9834_Select_Wave                     0x0800190c   Section        0  ad9834.o(i.AD9834_Select_Wave)
    i.AD9834_Set_Freq                        0x08001954   Section        0  ad9834.o(i.AD9834_Set_Freq)
    i.AD9834_Write_Data                      0x080019a8   Section        0  ad9834.o(i.AD9834_Write_Data)
    i.AD9959_SetAmp4Channel                  0x08001a1c   Section        0  ad9959.o(i.AD9959_SetAmp4Channel)
    i.AD9959_SetFrequency4Channel            0x08001a58   Section        0  ad9959.o(i.AD9959_SetFrequency4Channel)
    i.AD9959_SetPhase4Channel                0x08001a94   Section        0  ad9959.o(i.AD9959_SetPhase4Channel)
    i.Amp_convert                            0x08001ad0   Section        0  ad9910.o(i.Amp_convert)
    i.BusFault_Handler                       0x08001b0c   Section        0  stm32f1xx_it.o(i.BusFault_Handler)
    i.DebugMon_Handler                       0x08001b0e   Section        0  stm32f1xx_it.o(i.DebugMon_Handler)
    i.Error_Handler                          0x08001b10   Section        0  main.o(i.Error_Handler)
    i.Freq_convert                           0x08001b14   Section        0  ad9910.o(i.Freq_convert)
    i.HAL_DMA_Abort                          0x08001b4c   Section        0  stm32f1xx_hal_dma.o(i.HAL_DMA_Abort)
    i.HAL_DMA_Abort_IT                       0x08001b94   Section        0  stm32f1xx_hal_dma.o(i.HAL_DMA_Abort_IT)
    i.HAL_GPIO_Init                          0x08001c2c   Section        0  stm32f1xx_hal_gpio.o(i.HAL_GPIO_Init)
    i.HAL_GPIO_WritePin                      0x08001e0c   Section        0  stm32f1xx_hal_gpio.o(i.HAL_GPIO_WritePin)
    i.HAL_GetTick                            0x08001e18   Section        0  stm32f1xx_hal.o(i.HAL_GetTick)
    i.HAL_IncTick                            0x08001e24   Section        0  stm32f1xx_hal.o(i.HAL_IncTick)
    i.HAL_Init                               0x08001e34   Section        0  stm32f1xx_hal.o(i.HAL_Init)
    i.HAL_InitTick                           0x08001e58   Section        0  stm32f1xx_hal.o(i.HAL_InitTick)
    i.HAL_MspInit                            0x08001e98   Section        0  stm32f1xx_hal_msp.o(i.HAL_MspInit)
    i.HAL_NVIC_EnableIRQ                     0x08001ed4   Section        0  stm32f1xx_hal_cortex.o(i.HAL_NVIC_EnableIRQ)
    i.HAL_NVIC_SetPriority                   0x08001ef0   Section        0  stm32f1xx_hal_cortex.o(i.HAL_NVIC_SetPriority)
    i.HAL_NVIC_SetPriorityGrouping           0x08001f30   Section        0  stm32f1xx_hal_cortex.o(i.HAL_NVIC_SetPriorityGrouping)
    i.HAL_RCC_ClockConfig                    0x08001f54   Section        0  stm32f1xx_hal_rcc.o(i.HAL_RCC_ClockConfig)
    i.HAL_RCC_GetPCLK1Freq                   0x08002080   Section        0  stm32f1xx_hal_rcc.o(i.HAL_RCC_GetPCLK1Freq)
    i.HAL_RCC_GetPCLK2Freq                   0x080020a0   Section        0  stm32f1xx_hal_rcc.o(i.HAL_RCC_GetPCLK2Freq)
    i.HAL_RCC_GetSysClockFreq                0x080020c0   Section        0  stm32f1xx_hal_rcc.o(i.HAL_RCC_GetSysClockFreq)
    i.HAL_RCC_MCOConfig                      0x0800210c   Section        0  stm32f1xx_hal_rcc.o(i.HAL_RCC_MCOConfig)
    i.HAL_RCC_OscConfig                      0x08002154   Section        0  stm32f1xx_hal_rcc.o(i.HAL_RCC_OscConfig)
    i.HAL_SYSTICK_CLKSourceConfig            0x08002474   Section        0  stm32f1xx_hal_cortex.o(i.HAL_SYSTICK_CLKSourceConfig)
    i.HAL_SYSTICK_Config                     0x0800248c   Section        0  stm32f1xx_hal_cortex.o(i.HAL_SYSTICK_Config)
    i.HAL_UARTEx_RxEventCallback             0x080024b4   Section        0  stm32f1xx_hal_uart.o(i.HAL_UARTEx_RxEventCallback)
    i.HAL_UART_ErrorCallback                 0x080024b6   Section        0  stm32f1xx_hal_uart.o(i.HAL_UART_ErrorCallback)
    i.HAL_UART_IRQHandler                    0x080024b8   Section        0  stm32f1xx_hal_uart.o(i.HAL_UART_IRQHandler)
    i.HAL_UART_Init                          0x08002724   Section        0  stm32f1xx_hal_uart.o(i.HAL_UART_Init)
    i.HAL_UART_MspInit                       0x08002788   Section        0  usart.o(i.HAL_UART_MspInit)
    i.HAL_UART_RxCpltCallback                0x08002808   Section        0  stm32f1xx_hal_uart.o(i.HAL_UART_RxCpltCallback)
    i.HAL_UART_TxCpltCallback                0x0800280a   Section        0  stm32f1xx_hal_uart.o(i.HAL_UART_TxCpltCallback)
    i.HardFault_Handler                      0x0800280c   Section        0  stm32f1xx_it.o(i.HardFault_Handler)
    i.IO_Update                              0x08002810   Section        0  ad9959.o(i.IO_Update)
    i.Init_AD9959                            0x08002848   Section        0  ad9959.o(i.Init_AD9959)
    i.Init_ad9910                            0x08002868   Section        0  ad9910.o(i.Init_ad9910)
    i.IntReset                               0x080029a8   Section        0  ad9959.o(i.IntReset)
    i.Intserve                               0x080029e0   Section        0  ad9959.o(i.Intserve)
    i.MX_GPIO_Init                           0x08002a18   Section        0  gpio.o(i.MX_GPIO_Init)
    i.MX_USART1_UART_Init                    0x08002ad8   Section        0  usart.o(i.MX_USART1_UART_Init)
    i.MemManage_Handler                      0x08002b10   Section        0  stm32f1xx_it.o(i.MemManage_Handler)
    i.MyUSART1_CanReadLine                   0x08002b14   Section        0  myusart1.o(i.MyUSART1_CanReadLine)
    i.MyUSART1_IRQHandler                    0x08002b44   Section        0  myusart1.o(i.MyUSART1_IRQHandler)
    i.MyUSART1_Init                          0x08002b78   Section        0  myusart1.o(i.MyUSART1_Init)
    i.MyUSART1_ReadLine                      0x08002b8c   Section        0  myusart1.o(i.MyUSART1_ReadLine)
    i.NMI_Handler                            0x08002bd4   Section        0  stm32f1xx_it.o(i.NMI_Handler)
    i.PendSV_Handler                         0x08002bd6   Section        0  stm32f1xx_it.o(i.PendSV_Handler)
    i.SVC_Handler                            0x08002bd8   Section        0  stm32f1xx_it.o(i.SVC_Handler)
    i.SysTick_Handler                        0x08002bda   Section        0  stm32f1xx_it.o(i.SysTick_Handler)
    i.SystemClock_Config                     0x08002bde   Section        0  main.o(i.SystemClock_Config)
    i.SystemInit                             0x08002c46   Section        0  system_stm32f1xx.o(i.SystemInit)
    i.Txprodile0                             0x08002c48   Section        0  ad9910.o(i.Txprodile0)
    i.UART_DMAAbortOnError                   0x08002c98   Section        0  stm32f1xx_hal_uart.o(i.UART_DMAAbortOnError)
    UART_DMAAbortOnError                     0x08002c99   Thumb Code    16  stm32f1xx_hal_uart.o(i.UART_DMAAbortOnError)
    i.UART_EndRxTransfer                     0x08002ca8   Section        0  stm32f1xx_hal_uart.o(i.UART_EndRxTransfer)
    UART_EndRxTransfer                       0x08002ca9   Thumb Code    78  stm32f1xx_hal_uart.o(i.UART_EndRxTransfer)
    i.UART_Receive_IT                        0x08002cf6   Section        0  stm32f1xx_hal_uart.o(i.UART_Receive_IT)
    UART_Receive_IT                          0x08002cf7   Thumb Code   194  stm32f1xx_hal_uart.o(i.UART_Receive_IT)
    i.UART_SetConfig                         0x08002db8   Section        0  stm32f1xx_hal_uart.o(i.UART_SetConfig)
    UART_SetConfig                           0x08002db9   Thumb Code   178  stm32f1xx_hal_uart.o(i.UART_SetConfig)
    i.USART1_IRQHandler                      0x08002e70   Section        0  stm32f1xx_it.o(i.USART1_IRQHandler)
    i.USTART_Control                         0x08002e8c   Section        0  usart_control.o(i.USTART_Control)
    i.UsageFault_Handler                     0x08003148   Section        0  stm32f1xx_it.o(i.UsageFault_Handler)
    i.WriteData_AD9959                       0x0800314c   Section        0  ad9959.o(i.WriteData_AD9959)
    i.Write_Amplitude                        0x08003224   Section        0  ad9959.o(i.Write_Amplitude)
    i.Write_Phase                            0x0800327c   Section        0  ad9959.o(i.Write_Phase)
    i.Write_frequence                        0x080032ec   Section        0  ad9959.o(i.Write_frequence)
    i.__MyUSART1_Shift                       0x08003374   Section        0  myusart1.o(i.__MyUSART1_Shift)
    i.__NVIC_SetPriority                     0x080033a0   Section        0  stm32f1xx_hal_cortex.o(i.__NVIC_SetPriority)
    __NVIC_SetPriority                       0x080033a1   Thumb Code    32  stm32f1xx_hal_cortex.o(i.__NVIC_SetPriority)
    i.__mathlib_dbl_overflow                 0x080033c0   Section        0  dunder.o(i.__mathlib_dbl_overflow)
    i.__mathlib_dbl_underflow                0x080033d0   Section        0  dunder.o(i.__mathlib_dbl_underflow)
    i.__mathlib_narrow                       0x080033e0   Section        0  narrow.o(i.__mathlib_narrow)
    i.__mathlib_tofloat                      0x080033f0   Section        0  narrow.o(i.__mathlib_tofloat)
    i.__support_ldexp                        0x08003478   Section        0  ldexp.o(i.__support_ldexp)
    i._is_digit                              0x0800348e   Section        0  scanf_fp.o(i._is_digit)
    i.delay1                                 0x0800349c   Section        0  ad9959.o(i.delay1)
    i.delay_init                             0x080034a8   Section        0  delay.o(i.delay_init)
    i.delay_ms                               0x080034bc   Section        0  delay.o(i.delay_ms)
    i.delay_us                               0x080034c8   Section        0  delay.o(i.delay_us)
    i.frexp                                  0x080034fc   Section        0  frexp.o(i.frexp)
    i.ldexp                                  0x08003554   Section        0  ldexp.o(i.ldexp)
    i.main                                   0x080035c8   Section        0  main.o(i.main)
    i.txd_8bit                               0x08003650   Section        0  ad9910.o(i.txd_8bit)
    locale$$code                             0x080036a0   Section       44  lc_numeric_c.o(locale$$code)
    locale$$code                             0x080036cc   Section       44  lc_ctype_c.o(locale$$code)
    x$fpl$d2f                                0x080036f8   Section       98  d2f.o(x$fpl$d2f)
    x$fpl$dcheck1                            0x0800375c   Section       16  dcheck1.o(x$fpl$dcheck1)
    x$fpl$dcmpinf                            0x0800376c   Section       24  dcmpi.o(x$fpl$dcmpinf)
    x$fpl$deqf                               0x08003784   Section      120  deqf.o(x$fpl$deqf)
    x$fpl$dfixu                              0x080037fc   Section       90  dfixu.o(x$fpl$dfixu)
    x$fpl$dfltu                              0x08003856   Section       38  dflt_clz.o(x$fpl$dfltu)
    x$fpl$dleqf                              0x0800387c   Section      120  dleqf.o(x$fpl$dleqf)
    x$fpl$dmul                               0x080038f4   Section      340  dmul.o(x$fpl$dmul)
    x$fpl$dnaninf                            0x08003a48   Section      156  dnaninf.o(x$fpl$dnaninf)
    x$fpl$dretinf                            0x08003ae4   Section       12  dretinf.o(x$fpl$dretinf)
    x$fpl$drleqf                             0x08003af0   Section      108  drleqf.o(x$fpl$drleqf)
    x$fpl$fretinf                            0x08003b5c   Section       10  fretinf.o(x$fpl$fretinf)
    x$fpl$retnan                             0x08003b66   Section      100  retnan.o(x$fpl$retnan)
    x$fpl$scalbn                             0x08003bca   Section       92  scalbn.o(x$fpl$scalbn)
    x$fpl$scanf1                             0x08003c26   Section        4  scanf1.o(x$fpl$scanf1)
    x$fpl$scanf2                             0x08003c2a   Section        8  scanf2.o(x$fpl$scanf2)
    x$fpl$trapveneer                         0x08003c32   Section       48  trapv.o(x$fpl$trapveneer)
    .constdata                               0x08003c62   Section       18  stm32f1xx_hal_rcc.o(.constdata)
    x$fpl$usenofp                            0x08003c62   Section        0  usenofp.o(x$fpl$usenofp)
    aPredivFactorTable                       0x08003c62   Data           2  stm32f1xx_hal_rcc.o(.constdata)
    aPLLMULFactorTable                       0x08003c64   Data          16  stm32f1xx_hal_rcc.o(.constdata)
    .constdata                               0x08003c74   Section       16  system_stm32f1xx.o(.constdata)
    .constdata                               0x08003c84   Section        8  system_stm32f1xx.o(.constdata)
    .constdata                               0x08003c8c   Section      148  bigflt0.o(.constdata)
    tenpwrs_x                                0x08003c8c   Data          60  bigflt0.o(.constdata)
    tenpwrs_i                                0x08003cc8   Data          64  bigflt0.o(.constdata)
    c$$dinf                                  0x08003d40   Section        8  fpconst.o(c$$dinf)
    locale$$data                             0x08003d48   Section       28  lc_numeric_c.o(locale$$data)
    __lcnum_c_name                           0x08003d4c   Data           2  lc_numeric_c.o(locale$$data)
    __lcnum_c_start                          0x08003d54   Data           0  lc_numeric_c.o(locale$$data)
    __lcnum_c_point                          0x08003d60   Data           0  lc_numeric_c.o(locale$$data)
    __lcnum_c_thousands                      0x08003d62   Data           0  lc_numeric_c.o(locale$$data)
    __lcnum_c_grouping                       0x08003d63   Data           0  lc_numeric_c.o(locale$$data)
    locale$$data                             0x08003d64   Section      272  lc_ctype_c.o(locale$$data)
    __lcnum_c_end                            0x08003d64   Data           0  lc_numeric_c.o(locale$$data)
    __lcctype_c_name                         0x08003d68   Data           2  lc_ctype_c.o(locale$$data)
    __lcctype_c_start                        0x08003d70   Data           0  lc_ctype_c.o(locale$$data)
    __lcctype_c_end                          0x08003e74   Data           0  lc_ctype_c.o(locale$$data)
    .data                                    0x20000000   Section       12  stm32f1xx_hal.o(.data)
    .data                                    0x2000000c   Section        4  system_stm32f1xx.o(.data)
    .data                                    0x20000010   Section       28  ad9910.o(.data)
    .data                                    0x2000002c   Section       11  ad9959.o(.data)
    .data                                    0x20000038   Section        2  delay.o(.data)
    sysClkFreq                               0x20000038   Data           2  delay.o(.data)
    .data                                    0x2000003c   Section       12  myusart1.o(.data)
    .data                                    0x20000048   Section       24  usart_control.o(.data)
    .bss                                     0x20000060   Section       72  usart.o(.bss)
    .bss                                     0x200000a8   Section      100  myusart1.o(.bss)
    .bss                                     0x2000010c   Section       96  libspace.o(.bss)
    HEAP                                     0x20000170   Section      512  startup_stm32f103xb.o(HEAP)
    Heap_Mem                                 0x20000170   Data         512  startup_stm32f103xb.o(HEAP)
    STACK                                    0x20000370   Section     1024  startup_stm32f103xb.o(STACK)
    Stack_Mem                                0x20000370   Data        1024  startup_stm32f103xb.o(STACK)
    __initial_sp                             0x20000770   Data           0  startup_stm32f103xb.o(STACK)

    Global Symbols

    Symbol Name                              Value     Ov Type        Size  Object(Section)

    BuildAttributes$$THM_ISAv4$P$D$K$B$S$PE$A:L22UL41UL21$X:L11$S22US41US21$IEEE1$IW$USESV6$~STKCKD$USESV7$~SHL$OTIME$ROPI$IEEEX$EBA8$UX$STANDARDLIB$REQ8$PRES8$EABIv2 0x00000000   Number         0  anon$$obj.o ABSOLUTE
    __ARM_use_no_argv                        0x00000000   Number         0  main.o ABSOLUTE
    __ARM_exceptions_init                     - Undefined Weak Reference
    __alloca_initialize                       - Undefined Weak Reference
    __arm_preinit_                            - Undefined Weak Reference
    __cpp_initialize__aeabi_                  - Undefined Weak Reference
    __cxa_finalize                            - Undefined Weak Reference
    __sigvec_lookup                           - Undefined Weak Reference
    _atexit_init                              - Undefined Weak Reference
    _call_atexit_fns                          - Undefined Weak Reference
    _clock_init                               - Undefined Weak Reference
    _fp_trap_init                             - Undefined Weak Reference
    _fp_trap_shutdown                         - Undefined Weak Reference
    _get_lc_collate                           - Undefined Weak Reference
    _get_lc_monetary                          - Undefined Weak Reference
    _get_lc_time                              - Undefined Weak Reference
    _getenv_init                              - Undefined Weak Reference
    _handle_redirection                       - Undefined Weak Reference
    _init_alloc                               - Undefined Weak Reference
    _init_user_alloc                          - Undefined Weak Reference
    _initio                                   - Undefined Weak Reference
    _rand_init                                - Undefined Weak Reference
    _scanf_int                                - Undefined Weak Reference
    _scanf_longlong                           - Undefined Weak Reference
    _scanf_mbtowc                             - Undefined Weak Reference
    _scanf_string                             - Undefined Weak Reference
    _scanf_wctomb                             - Undefined Weak Reference
    _scanf_wstring                            - Undefined Weak Reference
    _signal_finish                            - Undefined Weak Reference
    _signal_init                              - Undefined Weak Reference
    _terminate_alloc                          - Undefined Weak Reference
    _terminate_user_alloc                     - Undefined Weak Reference
    _terminateio                              - Undefined Weak Reference
    __Vectors_Size                           0x000000ec   Number         0  startup_stm32f103xb.o ABSOLUTE
    __Vectors                                0x08000000   Data           4  startup_stm32f103xb.o(RESET)
    __Vectors_End                            0x080000ec   Data           0  startup_stm32f103xb.o(RESET)
    __main                                   0x080000ed   Thumb Code     8  __main.o(!!!main)
    __scatterload                            0x080000f5   Thumb Code     0  __scatter.o(!!!scatter)
    __scatterload_rt2                        0x080000f5   Thumb Code    44  __scatter.o(!!!scatter)
    __scatterload_rt2_thumb_only             0x080000f5   Thumb Code     0  __scatter.o(!!!scatter)
    __scatterload_null                       0x08000103   Thumb Code     0  __scatter.o(!!!scatter)
    __scatterload_copy                       0x08000129   Thumb Code    26  __scatter_copy.o(!!handler_copy)
    __scatterload_zeroinit                   0x08000145   Thumb Code    28  __scatter_zi.o(!!handler_zi)
    __rt_lib_init                            0x08000161   Thumb Code     0  libinit.o(.ARM.Collect$$libinit$$00000000)
    __rt_lib_init_fp_1                       0x08000163   Thumb Code     0  libinit2.o(.ARM.Collect$$libinit$$00000002)
    __rt_lib_init_heap_1                     0x08000163   Thumb Code     0  libinit2.o(.ARM.Collect$$libinit$$0000000A)
    __rt_lib_init_lc_common                  0x08000163   Thumb Code     0  libinit2.o(.ARM.Collect$$libinit$$0000000F)
    __rt_lib_init_preinit_1                  0x08000163   Thumb Code     0  libinit2.o(.ARM.Collect$$libinit$$00000004)
    __rt_lib_init_rand_1                     0x08000163   Thumb Code     0  libinit2.o(.ARM.Collect$$libinit$$0000000E)
    __rt_lib_init_user_alloc_1               0x08000163   Thumb Code     0  libinit2.o(.ARM.Collect$$libinit$$0000000C)
    __rt_lib_init_lc_collate_1               0x08000169   Thumb Code     0  libinit2.o(.ARM.Collect$$libinit$$00000011)
    __rt_lib_init_lc_ctype_2                 0x08000169   Thumb Code     0  libinit2.o(.ARM.Collect$$libinit$$00000012)
    __rt_lib_init_lc_ctype_1                 0x08000175   Thumb Code     0  libinit2.o(.ARM.Collect$$libinit$$00000013)
    __rt_lib_init_lc_monetary_1              0x08000175   Thumb Code     0  libinit2.o(.ARM.Collect$$libinit$$00000015)
    __rt_lib_init_lc_numeric_2               0x08000175   Thumb Code     0  libinit2.o(.ARM.Collect$$libinit$$00000016)
    __rt_lib_init_alloca_1                   0x0800017f   Thumb Code     0  libinit2.o(.ARM.Collect$$libinit$$0000002E)
    __rt_lib_init_argv_1                     0x0800017f   Thumb Code     0  libinit2.o(.ARM.Collect$$libinit$$0000002C)
    __rt_lib_init_atexit_1                   0x0800017f   Thumb Code     0  libinit2.o(.ARM.Collect$$libinit$$0000001B)
    __rt_lib_init_clock_1                    0x0800017f   Thumb Code     0  libinit2.o(.ARM.Collect$$libinit$$00000021)
    __rt_lib_init_cpp_1                      0x0800017f   Thumb Code     0  libinit2.o(.ARM.Collect$$libinit$$00000032)
    __rt_lib_init_exceptions_1               0x0800017f   Thumb Code     0  libinit2.o(.ARM.Collect$$libinit$$00000030)
    __rt_lib_init_fp_trap_1                  0x0800017f   Thumb Code     0  libinit2.o(.ARM.Collect$$libinit$$0000001F)
    __rt_lib_init_getenv_1                   0x0800017f   Thumb Code     0  libinit2.o(.ARM.Collect$$libinit$$00000023)
    __rt_lib_init_lc_numeric_1               0x0800017f   Thumb Code     0  libinit2.o(.ARM.Collect$$libinit$$00000017)
    __rt_lib_init_lc_time_1                  0x0800017f   Thumb Code     0  libinit2.o(.ARM.Collect$$libinit$$00000019)
    __rt_lib_init_return                     0x0800017f   Thumb Code     0  libinit2.o(.ARM.Collect$$libinit$$00000033)
    __rt_lib_init_signal_1                   0x0800017f   Thumb Code     0  libinit2.o(.ARM.Collect$$libinit$$0000001D)
    __rt_lib_init_stdio_1                    0x0800017f   Thumb Code     0  libinit2.o(.ARM.Collect$$libinit$$00000025)
    __rt_lib_shutdown                        0x08000181   Thumb Code     0  libshutdown.o(.ARM.Collect$$libshutdown$$00000000)
    __rt_lib_shutdown_fp_trap_1              0x08000183   Thumb Code     0  libshutdown2.o(.ARM.Collect$$libshutdown$$00000006)
    __rt_lib_shutdown_heap_1                 0x08000183   Thumb Code     0  libshutdown2.o(.ARM.Collect$$libshutdown$$0000000E)
    __rt_lib_shutdown_return                 0x08000183   Thumb Code     0  libshutdown2.o(.ARM.Collect$$libshutdown$$0000000F)
    __rt_lib_shutdown_signal_1               0x08000183   Thumb Code     0  libshutdown2.o(.ARM.Collect$$libshutdown$$00000009)
    __rt_lib_shutdown_stdio_1                0x08000183   Thumb Code     0  libshutdown2.o(.ARM.Collect$$libshutdown$$00000003)
    __rt_lib_shutdown_user_alloc_1           0x08000183   Thumb Code     0  libshutdown2.o(.ARM.Collect$$libshutdown$$0000000B)
    __rt_entry                               0x08000185   Thumb Code     0  __rtentry.o(.ARM.Collect$$rtentry$$00000000)
    __rt_entry_presh_1                       0x08000185   Thumb Code     0  __rtentry2.o(.ARM.Collect$$rtentry$$00000002)
    __rt_entry_sh                            0x08000185   Thumb Code     0  __rtentry4.o(.ARM.Collect$$rtentry$$00000004)
    __rt_entry_li                            0x0800018b   Thumb Code     0  __rtentry2.o(.ARM.Collect$$rtentry$$0000000A)
    __rt_entry_postsh_1                      0x0800018b   Thumb Code     0  __rtentry2.o(.ARM.Collect$$rtentry$$00000009)
    __rt_entry_main                          0x0800018f   Thumb Code     0  __rtentry2.o(.ARM.Collect$$rtentry$$0000000D)
    __rt_entry_postli_1                      0x0800018f   Thumb Code     0  __rtentry2.o(.ARM.Collect$$rtentry$$0000000C)
    __rt_exit                                0x08000197   Thumb Code     0  rtexit.o(.ARM.Collect$$rtexit$$00000000)
    __rt_exit_ls                             0x08000199   Thumb Code     0  rtexit2.o(.ARM.Collect$$rtexit$$00000003)
    __rt_exit_prels_1                        0x08000199   Thumb Code     0  rtexit2.o(.ARM.Collect$$rtexit$$00000002)
    __rt_exit_exit                           0x0800019d   Thumb Code     0  rtexit2.o(.ARM.Collect$$rtexit$$00000004)
    Reset_Handler                            0x080001a5   Thumb Code     8  startup_stm32f103xb.o(.text)
    ADC1_2_IRQHandler                        0x080001bf   Thumb Code     0  startup_stm32f103xb.o(.text)
    CAN1_RX1_IRQHandler                      0x080001bf   Thumb Code     0  startup_stm32f103xb.o(.text)
    CAN1_SCE_IRQHandler                      0x080001bf   Thumb Code     0  startup_stm32f103xb.o(.text)
    DMA1_Channel1_IRQHandler                 0x080001bf   Thumb Code     0  startup_stm32f103xb.o(.text)
    DMA1_Channel2_IRQHandler                 0x080001bf   Thumb Code     0  startup_stm32f103xb.o(.text)
    DMA1_Channel3_IRQHandler                 0x080001bf   Thumb Code     0  startup_stm32f103xb.o(.text)
    DMA1_Channel4_IRQHandler                 0x080001bf   Thumb Code     0  startup_stm32f103xb.o(.text)
    DMA1_Channel5_IRQHandler                 0x080001bf   Thumb Code     0  startup_stm32f103xb.o(.text)
    DMA1_Channel6_IRQHandler                 0x080001bf   Thumb Code     0  startup_stm32f103xb.o(.text)
    DMA1_Channel7_IRQHandler                 0x080001bf   Thumb Code     0  startup_stm32f103xb.o(.text)
    EXTI0_IRQHandler                         0x080001bf   Thumb Code     0  startup_stm32f103xb.o(.text)
    EXTI15_10_IRQHandler                     0x080001bf   Thumb Code     0  startup_stm32f103xb.o(.text)
    EXTI1_IRQHandler                         0x080001bf   Thumb Code     0  startup_stm32f103xb.o(.text)
    EXTI2_IRQHandler                         0x080001bf   Thumb Code     0  startup_stm32f103xb.o(.text)
    EXTI3_IRQHandler                         0x080001bf   Thumb Code     0  startup_stm32f103xb.o(.text)
    EXTI4_IRQHandler                         0x080001bf   Thumb Code     0  startup_stm32f103xb.o(.text)
    EXTI9_5_IRQHandler                       0x080001bf   Thumb Code     0  startup_stm32f103xb.o(.text)
    FLASH_IRQHandler                         0x080001bf   Thumb Code     0  startup_stm32f103xb.o(.text)
    I2C1_ER_IRQHandler                       0x080001bf   Thumb Code     0  startup_stm32f103xb.o(.text)
    I2C1_EV_IRQHandler                       0x080001bf   Thumb Code     0  startup_stm32f103xb.o(.text)
    I2C2_ER_IRQHandler                       0x080001bf   Thumb Code     0  startup_stm32f103xb.o(.text)
    I2C2_EV_IRQHandler                       0x080001bf   Thumb Code     0  startup_stm32f103xb.o(.text)
    PVD_IRQHandler                           0x080001bf   Thumb Code     0  startup_stm32f103xb.o(.text)
    RCC_IRQHandler                           0x080001bf   Thumb Code     0  startup_stm32f103xb.o(.text)
    RTC_Alarm_IRQHandler                     0x080001bf   Thumb Code     0  startup_stm32f103xb.o(.text)
    RTC_IRQHandler                           0x080001bf   Thumb Code     0  startup_stm32f103xb.o(.text)
    SPI1_IRQHandler                          0x080001bf   Thumb Code     0  startup_stm32f103xb.o(.text)
    SPI2_IRQHandler                          0x080001bf   Thumb Code     0  startup_stm32f103xb.o(.text)
    TAMPER_IRQHandler                        0x080001bf   Thumb Code     0  startup_stm32f103xb.o(.text)
    TIM1_BRK_IRQHandler                      0x080001bf   Thumb Code     0  startup_stm32f103xb.o(.text)
    TIM1_CC_IRQHandler                       0x080001bf   Thumb Code     0  startup_stm32f103xb.o(.text)
    TIM1_TRG_COM_IRQHandler                  0x080001bf   Thumb Code     0  startup_stm32f103xb.o(.text)
    TIM1_UP_IRQHandler                       0x080001bf   Thumb Code     0  startup_stm32f103xb.o(.text)
    TIM2_IRQHandler                          0x080001bf   Thumb Code     0  startup_stm32f103xb.o(.text)
    TIM3_IRQHandler                          0x080001bf   Thumb Code     0  startup_stm32f103xb.o(.text)
    TIM4_IRQHandler                          0x080001bf   Thumb Code     0  startup_stm32f103xb.o(.text)
    USART2_IRQHandler                        0x080001bf   Thumb Code     0  startup_stm32f103xb.o(.text)
    USART3_IRQHandler                        0x080001bf   Thumb Code     0  startup_stm32f103xb.o(.text)
    USBWakeUp_IRQHandler                     0x080001bf   Thumb Code     0  startup_stm32f103xb.o(.text)
    USB_HP_CAN1_TX_IRQHandler                0x080001bf   Thumb Code     0  startup_stm32f103xb.o(.text)
    USB_LP_CAN1_RX0_IRQHandler               0x080001bf   Thumb Code     0  startup_stm32f103xb.o(.text)
    WWDG_IRQHandler                          0x080001bf   Thumb Code     0  startup_stm32f103xb.o(.text)
    __user_initial_stackheap                 0x080001c1   Thumb Code     0  startup_stm32f103xb.o(.text)
    __0sscanf                                0x080001e5   Thumb Code    52  __0sscanf.o(.text)
    __aeabi_memclr4                          0x08000221   Thumb Code     0  rt_memclr_w.o(.text)
    __aeabi_memclr8                          0x08000221   Thumb Code     0  rt_memclr_w.o(.text)
    __rt_memclr_w                            0x08000221   Thumb Code    78  rt_memclr_w.o(.text)
    _memset_w                                0x08000225   Thumb Code     0  rt_memclr_w.o(.text)
    __use_two_region_memory                  0x0800026f   Thumb Code     2  heapauxi.o(.text)
    __rt_heap_escrow$2region                 0x08000271   Thumb Code     2  heapauxi.o(.text)
    __rt_heap_expand$2region                 0x08000273   Thumb Code     2  heapauxi.o(.text)
    _scanf_really_real                       0x08000471   Thumb Code   668  scanf_fp.o(.text)
    __vfscanf_char                           0x08000725   Thumb Code    24  scanf_char.o(.text)
    _sgetc                                   0x08000745   Thumb Code    30  _sgetc.o(.text)
    _sbackspace                              0x08000763   Thumb Code    34  _sgetc.o(.text)
    __rt_locale                              0x08000785   Thumb Code     8  rt_locale_intlibspace.o(.text)
    __aeabi_errno_addr                       0x0800078d   Thumb Code     8  rt_errno_addr_intlibspace.o(.text)
    __errno$intlibspace                      0x0800078d   Thumb Code     0  rt_errno_addr_intlibspace.o(.text)
    __rt_errno_addr$intlibspace              0x0800078d   Thumb Code     0  rt_errno_addr_intlibspace.o(.text)
    isspace                                  0x08000795   Thumb Code    18  isspace.o(.text)
    __vfscanf                                0x080007a9   Thumb Code   878  _scanf.o(.text)
    _btod_etento                             0x08000b1d   Thumb Code   216  bigflt0.o(.text)
    __user_libspace                          0x08000bf9   Thumb Code     8  libspace.o(.text)
    __user_perproc_libspace                  0x08000bf9   Thumb Code     0  libspace.o(.text)
    __user_perthread_libspace                0x08000bf9   Thumb Code     0  libspace.o(.text)
    __user_setup_stackheap                   0x08000c01   Thumb Code    74  sys_stackheap_outer.o(.text)
    __rt_ctype_table                         0x08000c4d   Thumb Code    16  rt_ctype_table.o(.text)
    __read_errno                             0x08000c5d   Thumb Code    10  _rserrno.o(.text)
    __set_errno                              0x08000c67   Thumb Code    12  _rserrno.o(.text)
    _scanf_really_hex_real                   0x08000c75   Thumb Code   778  scanf_hexfp.o(.text)
    _scanf_really_infnan                     0x08000f8d   Thumb Code   292  scanf_infnan.o(.text)
    exit                                     0x080010c1   Thumb Code    12  exit.o(.text)
    strcmp                                   0x080010cd   Thumb Code   128  strcmpv7m.o(.text)
    __aeabi_llsl                             0x0800114d   Thumb Code     0  llshl.o(.text)
    _ll_shift_l                              0x0800114d   Thumb Code    38  llshl.o(.text)
    _chval                                   0x08001173   Thumb Code    28  _chval.o(.text)
    _sys_exit                                0x08001191   Thumb Code     8  sys_exit.o(.text)
    __I$use$semihosting                      0x0800119d   Thumb Code     0  use_no_semi.o(.text)
    __use_no_semihosting_swi                 0x0800119d   Thumb Code     2  use_no_semi.o(.text)
    __btod_div_common                        0x0800119f   Thumb Code   696  btod.o(CL$$btod_div_common)
    __semihosting_library_function           0x0800119f   Thumb Code     0  indicate_semi.o(.text)
    _e2d                                     0x080014d9   Thumb Code    80  btod.o(CL$$btod_e2d)
    _e2e                                     0x0800152d   Thumb Code   198  btod.o(CL$$btod_e2e)
    _btod_ediv                               0x080015f3   Thumb Code    40  btod.o(CL$$btod_ediv)
    _btod_edivd                              0x0800161b   Thumb Code    40  btod.o(CL$$btod_edivd)
    _btod_emul                               0x08001643   Thumb Code    40  btod.o(CL$$btod_emul)
    _btod_emuld                              0x0800166b   Thumb Code    40  btod.o(CL$$btod_emuld)
    __btod_mult_common                       0x08001693   Thumb Code   580  btod.o(CL$$btod_mult_common)
    AD9834_Init                              0x080018d9   Thumb Code    46  ad9834.o(i.AD9834_Init)
    AD9834_Select_Wave                       0x0800190d   Thumb Code    68  ad9834.o(i.AD9834_Select_Wave)
    AD9834_Set_Freq                          0x08001955   Thumb Code    76  ad9834.o(i.AD9834_Set_Freq)
    AD9834_Write_Data                        0x080019a9   Thumb Code   112  ad9834.o(i.AD9834_Write_Data)
    AD9959_SetAmp4Channel                    0x08001a1d   Thumb Code    56  ad9959.o(i.AD9959_SetAmp4Channel)
    AD9959_SetFrequency4Channel              0x08001a59   Thumb Code    56  ad9959.o(i.AD9959_SetFrequency4Channel)
    AD9959_SetPhase4Channel                  0x08001a95   Thumb Code    56  ad9959.o(i.AD9959_SetPhase4Channel)
    Amp_convert                              0x08001ad1   Thumb Code    48  ad9910.o(i.Amp_convert)
    BusFault_Handler                         0x08001b0d   Thumb Code     2  stm32f1xx_it.o(i.BusFault_Handler)
    DebugMon_Handler                         0x08001b0f   Thumb Code     2  stm32f1xx_it.o(i.DebugMon_Handler)
    Error_Handler                            0x08001b11   Thumb Code     4  main.o(i.Error_Handler)
    Freq_convert                             0x08001b15   Thumb Code    42  ad9910.o(i.Freq_convert)
    HAL_DMA_Abort                            0x08001b4d   Thumb Code    70  stm32f1xx_hal_dma.o(i.HAL_DMA_Abort)
    HAL_DMA_Abort_IT                         0x08001b95   Thumb Code   148  stm32f1xx_hal_dma.o(i.HAL_DMA_Abort_IT)
    HAL_GPIO_Init                            0x08001c2d   Thumb Code   446  stm32f1xx_hal_gpio.o(i.HAL_GPIO_Init)
    HAL_GPIO_WritePin                        0x08001e0d   Thumb Code    10  stm32f1xx_hal_gpio.o(i.HAL_GPIO_WritePin)
    HAL_GetTick                              0x08001e19   Thumb Code     6  stm32f1xx_hal.o(i.HAL_GetTick)
    HAL_IncTick                              0x08001e25   Thumb Code    12  stm32f1xx_hal.o(i.HAL_IncTick)
    HAL_Init                                 0x08001e35   Thumb Code    32  stm32f1xx_hal.o(i.HAL_Init)
    HAL_InitTick                             0x08001e59   Thumb Code    54  stm32f1xx_hal.o(i.HAL_InitTick)
    HAL_MspInit                              0x08001e99   Thumb Code    52  stm32f1xx_hal_msp.o(i.HAL_MspInit)
    HAL_NVIC_EnableIRQ                       0x08001ed5   Thumb Code    26  stm32f1xx_hal_cortex.o(i.HAL_NVIC_EnableIRQ)
    HAL_NVIC_SetPriority                     0x08001ef1   Thumb Code    60  stm32f1xx_hal_cortex.o(i.HAL_NVIC_SetPriority)
    HAL_NVIC_SetPriorityGrouping             0x08001f31   Thumb Code    26  stm32f1xx_hal_cortex.o(i.HAL_NVIC_SetPriorityGrouping)
    HAL_RCC_ClockConfig                      0x08001f55   Thumb Code   280  stm32f1xx_hal_rcc.o(i.HAL_RCC_ClockConfig)
    HAL_RCC_GetPCLK1Freq                     0x08002081   Thumb Code    20  stm32f1xx_hal_rcc.o(i.HAL_RCC_GetPCLK1Freq)
    HAL_RCC_GetPCLK2Freq                     0x080020a1   Thumb Code    20  stm32f1xx_hal_rcc.o(i.HAL_RCC_GetPCLK2Freq)
    HAL_RCC_GetSysClockFreq                  0x080020c1   Thumb Code    58  stm32f1xx_hal_rcc.o(i.HAL_RCC_GetSysClockFreq)
    HAL_RCC_MCOConfig                        0x0800210d   Thumb Code    64  stm32f1xx_hal_rcc.o(i.HAL_RCC_MCOConfig)
    HAL_RCC_OscConfig                        0x08002155   Thumb Code   778  stm32f1xx_hal_rcc.o(i.HAL_RCC_OscConfig)
    HAL_SYSTICK_CLKSourceConfig              0x08002475   Thumb Code    24  stm32f1xx_hal_cortex.o(i.HAL_SYSTICK_CLKSourceConfig)
    HAL_SYSTICK_Config                       0x0800248d   Thumb Code    40  stm32f1xx_hal_cortex.o(i.HAL_SYSTICK_Config)
    HAL_UARTEx_RxEventCallback               0x080024b5   Thumb Code     2  stm32f1xx_hal_uart.o(i.HAL_UARTEx_RxEventCallback)
    HAL_UART_ErrorCallback                   0x080024b7   Thumb Code     2  stm32f1xx_hal_uart.o(i.HAL_UART_ErrorCallback)
    HAL_UART_IRQHandler                      0x080024b9   Thumb Code   616  stm32f1xx_hal_uart.o(i.HAL_UART_IRQHandler)
    HAL_UART_Init                            0x08002725   Thumb Code   100  stm32f1xx_hal_uart.o(i.HAL_UART_Init)
    HAL_UART_MspInit                         0x08002789   Thumb Code   116  usart.o(i.HAL_UART_MspInit)
    HAL_UART_RxCpltCallback                  0x08002809   Thumb Code     2  stm32f1xx_hal_uart.o(i.HAL_UART_RxCpltCallback)
    HAL_UART_TxCpltCallback                  0x0800280b   Thumb Code     2  stm32f1xx_hal_uart.o(i.HAL_UART_TxCpltCallback)
    HardFault_Handler                        0x0800280d   Thumb Code     2  stm32f1xx_it.o(i.HardFault_Handler)
    IO_Update                                0x08002811   Thumb Code    50  ad9959.o(i.IO_Update)
    Init_AD9959                              0x08002849   Thumb Code    26  ad9959.o(i.Init_AD9959)
    Init_ad9910                              0x08002869   Thumb Code   308  ad9910.o(i.Init_ad9910)
    IntReset                                 0x080029a9   Thumb Code    50  ad9959.o(i.IntReset)
    Intserve                                 0x080029e1   Thumb Code    48  ad9959.o(i.Intserve)
    MX_GPIO_Init                             0x08002a19   Thumb Code   178  gpio.o(i.MX_GPIO_Init)
    MX_USART1_UART_Init                      0x08002ad9   Thumb Code    48  usart.o(i.MX_USART1_UART_Init)
    MemManage_Handler                        0x08002b11   Thumb Code     2  stm32f1xx_it.o(i.MemManage_Handler)
    MyUSART1_CanReadLine                     0x08002b15   Thumb Code    40  myusart1.o(i.MyUSART1_CanReadLine)
    MyUSART1_IRQHandler                      0x08002b45   Thumb Code    40  myusart1.o(i.MyUSART1_IRQHandler)
    MyUSART1_Init                            0x08002b79   Thumb Code    16  myusart1.o(i.MyUSART1_Init)
    MyUSART1_ReadLine                        0x08002b8d   Thumb Code    62  myusart1.o(i.MyUSART1_ReadLine)
    NMI_Handler                              0x08002bd5   Thumb Code     2  stm32f1xx_it.o(i.NMI_Handler)
    PendSV_Handler                           0x08002bd7   Thumb Code     2  stm32f1xx_it.o(i.PendSV_Handler)
    SVC_Handler                              0x08002bd9   Thumb Code     2  stm32f1xx_it.o(i.SVC_Handler)
    SysTick_Handler                          0x08002bdb   Thumb Code     4  stm32f1xx_it.o(i.SysTick_Handler)
    SystemClock_Config                       0x08002bdf   Thumb Code   104  main.o(i.SystemClock_Config)
    SystemInit                               0x08002c47   Thumb Code     2  system_stm32f1xx.o(i.SystemInit)
    Txprodile0                               0x08002c49   Thumb Code    72  ad9910.o(i.Txprodile0)
    USART1_IRQHandler                        0x08002e71   Thumb Code    18  stm32f1xx_it.o(i.USART1_IRQHandler)
    USTART_Control                           0x08002e8d   Thumb Code   688  usart_control.o(i.USTART_Control)
    UsageFault_Handler                       0x08003149   Thumb Code     2  stm32f1xx_it.o(i.UsageFault_Handler)
    WriteData_AD9959                         0x0800314d   Thumb Code   206  ad9959.o(i.WriteData_AD9959)
    Write_Amplitude                          0x08003225   Thumb Code    84  ad9959.o(i.Write_Amplitude)
    Write_Phase                              0x0800327d   Thumb Code    98  ad9959.o(i.Write_Phase)
    Write_frequence                          0x080032ed   Thumb Code   122  ad9959.o(i.Write_frequence)
    __MyUSART1_Shift                         0x08003375   Thumb Code    34  myusart1.o(i.__MyUSART1_Shift)
    __mathlib_dbl_overflow                   0x080033c1   Thumb Code    14  dunder.o(i.__mathlib_dbl_overflow)
    __mathlib_dbl_underflow                  0x080033d1   Thumb Code    10  dunder.o(i.__mathlib_dbl_underflow)
    __mathlib_narrow                         0x080033e1   Thumb Code    16  narrow.o(i.__mathlib_narrow)
    __mathlib_tofloat                        0x080033f1   Thumb Code   132  narrow.o(i.__mathlib_tofloat)
    __support_ldexp                          0x08003479   Thumb Code    22  ldexp.o(i.__support_ldexp)
    _is_digit                                0x0800348f   Thumb Code    14  scanf_fp.o(i._is_digit)
    delay1                                   0x0800349d   Thumb Code    12  ad9959.o(i.delay1)
    delay_init                               0x080034a9   Thumb Code    16  delay.o(i.delay_init)
    delay_ms                                 0x080034bd   Thumb Code    10  delay.o(i.delay_ms)
    delay_us                                 0x080034c9   Thumb Code    48  delay.o(i.delay_us)
    frexp                                    0x080034fd   Thumb Code    80  frexp.o(i.frexp)
    ldexp                                    0x08003555   Thumb Code   116  ldexp.o(i.ldexp)
    main                                     0x080035c9   Thumb Code   118  main.o(i.main)
    txd_8bit                                 0x08003651   Thumb Code    74  ad9910.o(i.txd_8bit)
    _get_lc_numeric                          0x080036a1   Thumb Code    44  lc_numeric_c.o(locale$$code)
    _get_lc_ctype                            0x080036cd   Thumb Code    44  lc_ctype_c.o(locale$$code)
    __aeabi_d2f                              0x080036f9   Thumb Code     0  d2f.o(x$fpl$d2f)
    _d2f                                     0x080036f9   Thumb Code    98  d2f.o(x$fpl$d2f)
    __fpl_dcheck_NaN1                        0x0800375d   Thumb Code    10  dcheck1.o(x$fpl$dcheck1)
    __fpl_dcmp_Inf                           0x0800376d   Thumb Code    24  dcmpi.o(x$fpl$dcmpinf)
    __aeabi_cdcmpeq                          0x08003785   Thumb Code     0  deqf.o(x$fpl$deqf)
    _dcmpeq                                  0x08003785   Thumb Code   120  deqf.o(x$fpl$deqf)
    __aeabi_d2uiz                            0x080037fd   Thumb Code     0  dfixu.o(x$fpl$dfixu)
    _dfixu                                   0x080037fd   Thumb Code    90  dfixu.o(x$fpl$dfixu)
    __aeabi_ui2d                             0x08003857   Thumb Code     0  dflt_clz.o(x$fpl$dfltu)
    _dfltu                                   0x08003857   Thumb Code    38  dflt_clz.o(x$fpl$dfltu)
    __aeabi_cdcmple                          0x0800387d   Thumb Code     0  dleqf.o(x$fpl$dleqf)
    _dcmple                                  0x0800387d   Thumb Code   120  dleqf.o(x$fpl$dleqf)
    __fpl_dcmple_InfNaN                      0x080038df   Thumb Code     0  dleqf.o(x$fpl$dleqf)
    __aeabi_dmul                             0x080038f5   Thumb Code     0  dmul.o(x$fpl$dmul)
    _dmul                                    0x080038f5   Thumb Code   332  dmul.o(x$fpl$dmul)
    __fpl_dnaninf                            0x08003a49   Thumb Code   156  dnaninf.o(x$fpl$dnaninf)
    __fpl_dretinf                            0x08003ae5   Thumb Code    12  dretinf.o(x$fpl$dretinf)
    __aeabi_cdrcmple                         0x08003af1   Thumb Code     0  drleqf.o(x$fpl$drleqf)
    _drcmple                                 0x08003af1   Thumb Code   108  drleqf.o(x$fpl$drleqf)
    __fpl_fretinf                            0x08003b5d   Thumb Code    10  fretinf.o(x$fpl$fretinf)
    __fpl_return_NaN                         0x08003b67   Thumb Code   100  retnan.o(x$fpl$retnan)
    __ARM_scalbn                             0x08003bcb   Thumb Code    92  scalbn.o(x$fpl$scalbn)
    _scanf_real                              0x08003c27   Thumb Code     4  scanf1.o(x$fpl$scanf1)
    _scanf_hex_real                          0x08003c2b   Thumb Code     4  scanf2.o(x$fpl$scanf2)
    _scanf_infnan                            0x08003c2f   Thumb Code     4  scanf2.o(x$fpl$scanf2)
    __fpl_cmpreturn                          0x08003c33   Thumb Code    48  trapv.o(x$fpl$trapveneer)
    __I$use$fp                               0x08003c62   Number         0  usenofp.o(x$fpl$usenofp)
    AHBPrescTable                            0x08003c74   Data          16  system_stm32f1xx.o(.constdata)
    APBPrescTable                            0x08003c84   Data           8  system_stm32f1xx.o(.constdata)
    Region$$Table$$Base                      0x08003d20   Number         0  anon$$obj.o(Region$$Table)
    Region$$Table$$Limit                     0x08003d40   Number         0  anon$$obj.o(Region$$Table)
    __aeabi_HUGE_VAL                         0x08003d40   Data           0  fpconst.o(c$$dinf)
    __aeabi_HUGE_VALL                        0x08003d40   Data           0  fpconst.o(c$$dinf)
    __aeabi_INFINITY                         0x08003d40   Data           0  fpconst.o(c$$dinf)
    __dInf                                   0x08003d40   Data           0  fpconst.o(c$$dinf)
    __huge_val                               0x08003d40   Data           0  fpconst.o(c$$dinf)
    __ctype                                  0x08003d71   Data           0  lc_ctype_c.o(locale$$data)
    uwTickFreq                               0x20000000   Data           1  stm32f1xx_hal.o(.data)
    uwTickPrio                               0x20000004   Data           4  stm32f1xx_hal.o(.data)
    uwTick                                   0x20000008   Data           4  stm32f1xx_hal.o(.data)
    SystemCoreClock                          0x2000000c   Data           4  system_stm32f1xx.o(.data)
    cfr1                                     0x20000010   Data           4  ad9910.o(.data)
    cfr2                                     0x20000014   Data           4  ad9910.o(.data)
    cfr3                                     0x20000018   Data           4  ad9910.o(.data)
    profile11                                0x2000001c   Data           8  ad9910.o(.data)
    ramprofile0                              0x20000024   Data           8  ad9910.o(.data)
    CSR_DATA0                                0x2000002c   Data           1  ad9959.o(.data)
    CSR_DATA1                                0x2000002d   Data           1  ad9959.o(.data)
    CSR_DATA2                                0x2000002e   Data           1  ad9959.o(.data)
    CSR_DATA3                                0x2000002f   Data           1  ad9959.o(.data)
    FR2_DATA                                 0x20000030   Data           2  ad9959.o(.data)
    CPOW0_DATA                               0x20000032   Data           2  ad9959.o(.data)
    FR1_DATA                                 0x20000034   Data           3  ad9959.o(.data)
    MyUSART1_bufferOverflowFlag              0x2000003c   Data           1  myusart1.o(.data)
    MyUSART1_bufferPos                       0x20000040   Data           4  myusart1.o(.data)
    MyUSART1_dummyHandle                     0x20000044   Data           4  myusart1.o(.data)
    fre                                      0x20000048   Data           8  usart_control.o(.data)
    amp                                      0x20000050   Data           8  usart_control.o(.data)
    phase                                    0x20000058   Data           8  usart_control.o(.data)
    huart1                                   0x20000060   Data          72  usart.o(.bss)
    MyUSART1_buffer                          0x200000a8   Data         100  myusart1.o(.bss)
    __libspace_start                         0x2000010c   Data          96  libspace.o(.bss)
    __temporary_stack_top$libspace           0x2000016c   Data           0  libspace.o(.bss)



==============================================================================

Memory Map of the image

  Image Entry point : 0x080000ed

  Load Region LR_IROM1 (Base: 0x08000000, Size: 0x00003ed4, Max: 0x00010000, ABSOLUTE)

    Execution Region ER_IROM1 (Exec base: 0x08000000, Load base: 0x08000000, Size: 0x00003e74, Max: 0x00010000, ABSOLUTE)

    Exec Addr    Load Addr    Size         Type   Attr      Idx    E Section Name        Object

    0x08000000   0x08000000   0x000000ec   Data   RO            3    RESET               startup_stm32f103xb.o
    0x080000ec   0x080000ec   0x00000008   Code   RO         2289  * !!!main             c_w.l(__main.o)
    0x080000f4   0x080000f4   0x00000034   Code   RO         2609    !!!scatter          c_w.l(__scatter.o)
    0x08000128   0x08000128   0x0000001a   Code   RO         2611    !!handler_copy      c_w.l(__scatter_copy.o)
    0x08000142   0x08000142   0x00000002   PAD
    0x08000144   0x08000144   0x0000001c   Code   RO         2613    !!handler_zi        c_w.l(__scatter_zi.o)
    0x08000160   0x08000160   0x00000002   Code   RO         2415    .ARM.Collect$$libinit$$00000000  c_w.l(libinit.o)
    0x08000162   0x08000162   0x00000000   Code   RO         2417    .ARM.Collect$$libinit$$00000002  c_w.l(libinit2.o)
    0x08000162   0x08000162   0x00000000   Code   RO         2419    .ARM.Collect$$libinit$$00000004  c_w.l(libinit2.o)
    0x08000162   0x08000162   0x00000000   Code   RO         2422    .ARM.Collect$$libinit$$0000000A  c_w.l(libinit2.o)
    0x08000162   0x08000162   0x00000000   Code   RO         2424    .ARM.Collect$$libinit$$0000000C  c_w.l(libinit2.o)
    0x08000162   0x08000162   0x00000000   Code   RO         2426    .ARM.Collect$$libinit$$0000000E  c_w.l(libinit2.o)
    0x08000162   0x08000162   0x00000006   Code   RO         2427    .ARM.Collect$$libinit$$0000000F  c_w.l(libinit2.o)
    0x08000168   0x08000168   0x00000000   Code   RO         2429    .ARM.Collect$$libinit$$00000011  c_w.l(libinit2.o)
    0x08000168   0x08000168   0x0000000c   Code   RO         2430    .ARM.Collect$$libinit$$00000012  c_w.l(libinit2.o)
    0x08000174   0x08000174   0x00000000   Code   RO         2431    .ARM.Collect$$libinit$$00000013  c_w.l(libinit2.o)
    0x08000174   0x08000174   0x00000000   Code   RO         2433    .ARM.Collect$$libinit$$00000015  c_w.l(libinit2.o)
    0x08000174   0x08000174   0x0000000a   Code   RO         2434    .ARM.Collect$$libinit$$00000016  c_w.l(libinit2.o)
    0x0800017e   0x0800017e   0x00000000   Code   RO         2435    .ARM.Collect$$libinit$$00000017  c_w.l(libinit2.o)
    0x0800017e   0x0800017e   0x00000000   Code   RO         2437    .ARM.Collect$$libinit$$00000019  c_w.l(libinit2.o)
    0x0800017e   0x0800017e   0x00000000   Code   RO         2439    .ARM.Collect$$libinit$$0000001B  c_w.l(libinit2.o)
    0x0800017e   0x0800017e   0x00000000   Code   RO         2441    .ARM.Collect$$libinit$$0000001D  c_w.l(libinit2.o)
    0x0800017e   0x0800017e   0x00000000   Code   RO         2443    .ARM.Collect$$libinit$$0000001F  c_w.l(libinit2.o)
    0x0800017e   0x0800017e   0x00000000   Code   RO         2445    .ARM.Collect$$libinit$$00000021  c_w.l(libinit2.o)
    0x0800017e   0x0800017e   0x00000000   Code   RO         2447    .ARM.Collect$$libinit$$00000023  c_w.l(libinit2.o)
    0x0800017e   0x0800017e   0x00000000   Code   RO         2449    .ARM.Collect$$libinit$$00000025  c_w.l(libinit2.o)
    0x0800017e   0x0800017e   0x00000000   Code   RO         2453    .ARM.Collect$$libinit$$0000002C  c_w.l(libinit2.o)
    0x0800017e   0x0800017e   0x00000000   Code   RO         2455    .ARM.Collect$$libinit$$0000002E  c_w.l(libinit2.o)
    0x0800017e   0x0800017e   0x00000000   Code   RO         2457    .ARM.Collect$$libinit$$00000030  c_w.l(libinit2.o)
    0x0800017e   0x0800017e   0x00000000   Code   RO         2459    .ARM.Collect$$libinit$$00000032  c_w.l(libinit2.o)
    0x0800017e   0x0800017e   0x00000002   Code   RO         2460    .ARM.Collect$$libinit$$00000033  c_w.l(libinit2.o)
    0x08000180   0x08000180   0x00000002   Code   RO         2544    .ARM.Collect$$libshutdown$$00000000  c_w.l(libshutdown.o)
    0x08000182   0x08000182   0x00000000   Code   RO         2568    .ARM.Collect$$libshutdown$$00000003  c_w.l(libshutdown2.o)
    0x08000182   0x08000182   0x00000000   Code   RO         2571    .ARM.Collect$$libshutdown$$00000006  c_w.l(libshutdown2.o)
    0x08000182   0x08000182   0x00000000   Code   RO         2574    .ARM.Collect$$libshutdown$$00000009  c_w.l(libshutdown2.o)
    0x08000182   0x08000182   0x00000000   Code   RO         2576    .ARM.Collect$$libshutdown$$0000000B  c_w.l(libshutdown2.o)
    0x08000182   0x08000182   0x00000000   Code   RO         2579    .ARM.Collect$$libshutdown$$0000000E  c_w.l(libshutdown2.o)
    0x08000182   0x08000182   0x00000002   Code   RO         2580    .ARM.Collect$$libshutdown$$0000000F  c_w.l(libshutdown2.o)
    0x08000184   0x08000184   0x00000000   Code   RO         2305    .ARM.Collect$$rtentry$$00000000  c_w.l(__rtentry.o)
    0x08000184   0x08000184   0x00000000   Code   RO         2320    .ARM.Collect$$rtentry$$00000002  c_w.l(__rtentry2.o)
    0x08000184   0x08000184   0x00000006   Code   RO         2332    .ARM.Collect$$rtentry$$00000004  c_w.l(__rtentry4.o)
    0x0800018a   0x0800018a   0x00000000   Code   RO         2322    .ARM.Collect$$rtentry$$00000009  c_w.l(__rtentry2.o)
    0x0800018a   0x0800018a   0x00000004   Code   RO         2323    .ARM.Collect$$rtentry$$0000000A  c_w.l(__rtentry2.o)
    0x0800018e   0x0800018e   0x00000000   Code   RO         2325    .ARM.Collect$$rtentry$$0000000C  c_w.l(__rtentry2.o)
    0x0800018e   0x0800018e   0x00000008   Code   RO         2326    .ARM.Collect$$rtentry$$0000000D  c_w.l(__rtentry2.o)
    0x08000196   0x08000196   0x00000002   Code   RO         2471    .ARM.Collect$$rtexit$$00000000  c_w.l(rtexit.o)
    0x08000198   0x08000198   0x00000000   Code   RO         2505    .ARM.Collect$$rtexit$$00000002  c_w.l(rtexit2.o)
    0x08000198   0x08000198   0x00000004   Code   RO         2506    .ARM.Collect$$rtexit$$00000003  c_w.l(rtexit2.o)
    0x0800019c   0x0800019c   0x00000006   Code   RO         2507    .ARM.Collect$$rtexit$$00000004  c_w.l(rtexit2.o)
    0x080001a2   0x080001a2   0x00000002   PAD
    0x080001a4   0x080001a4   0x00000040   Code   RO            4    .text               startup_stm32f103xb.o
    0x080001e4   0x080001e4   0x0000003c   Code   RO         2283    .text               c_w.l(__0sscanf.o)
    0x08000220   0x08000220   0x0000004e   Code   RO         2285    .text               c_w.l(rt_memclr_w.o)
    0x0800026e   0x0800026e   0x00000006   Code   RO         2287    .text               c_w.l(heapauxi.o)
    0x08000274   0x08000274   0x000004a4   Code   RO         2306    .text               c_w.l(scanf_fp.o)
    0x08000718   0x08000718   0x0000002c   Code   RO         2310    .text               c_w.l(scanf_char.o)
    0x08000744   0x08000744   0x00000040   Code   RO         2312    .text               c_w.l(_sgetc.o)
    0x08000784   0x08000784   0x00000008   Code   RO         2337    .text               c_w.l(rt_locale_intlibspace.o)
    0x0800078c   0x0800078c   0x00000008   Code   RO         2342    .text               c_w.l(rt_errno_addr_intlibspace.o)
    0x08000794   0x08000794   0x00000012   Code   RO         2344    .text               c_w.l(isspace.o)
    0x080007a6   0x080007a6   0x00000002   PAD
    0x080007a8   0x080007a8   0x00000374   Code   RO         2346    .text               c_w.l(_scanf.o)
    0x08000b1c   0x08000b1c   0x000000dc   Code   RO         2348    .text               c_w.l(bigflt0.o)
    0x08000bf8   0x08000bf8   0x00000008   Code   RO         2393    .text               c_w.l(libspace.o)
    0x08000c00   0x08000c00   0x0000004a   Code   RO         2396    .text               c_w.l(sys_stackheap_outer.o)
    0x08000c4a   0x08000c4a   0x00000002   PAD
    0x08000c4c   0x08000c4c   0x00000010   Code   RO         2398    .text               c_w.l(rt_ctype_table.o)
    0x08000c5c   0x08000c5c   0x00000016   Code   RO         2400    .text               c_w.l(_rserrno.o)
    0x08000c72   0x08000c72   0x00000002   PAD
    0x08000c74   0x08000c74   0x00000318   Code   RO         2402    .text               c_w.l(scanf_hexfp.o)
    0x08000f8c   0x08000f8c   0x00000134   Code   RO         2404    .text               c_w.l(scanf_infnan.o)
    0x080010c0   0x080010c0   0x0000000c   Code   RO         2406    .text               c_w.l(exit.o)
    0x080010cc   0x080010cc   0x00000080   Code   RO         2408    .text               c_w.l(strcmpv7m.o)
    0x0800114c   0x0800114c   0x00000026   Code   RO         2473    .text               c_w.l(llshl.o)
    0x08001172   0x08001172   0x0000001c   Code   RO         2475    .text               c_w.l(_chval.o)
    0x0800118e   0x0800118e   0x00000002   PAD
    0x08001190   0x08001190   0x0000000c   Code   RO         2534    .text               c_w.l(sys_exit.o)
    0x0800119c   0x0800119c   0x00000002   Code   RO         2557    .text               c_w.l(use_no_semi.o)
    0x0800119e   0x0800119e   0x00000000   Code   RO         2559    .text               c_w.l(indicate_semi.o)
    0x0800119e   0x0800119e   0x00000338   Code   RO         2361    CL$$btod_div_common  c_w.l(btod.o)
    0x080014d6   0x080014d6   0x00000002   PAD
    0x080014d8   0x080014d8   0x00000054   Code   RO         2359    CL$$btod_e2d        c_w.l(btod.o)
    0x0800152c   0x0800152c   0x000000c6   Code   RO         2358    CL$$btod_e2e        c_w.l(btod.o)
    0x080015f2   0x080015f2   0x00000028   Code   RO         2355    CL$$btod_ediv       c_w.l(btod.o)
    0x0800161a   0x0800161a   0x00000028   Code   RO         2357    CL$$btod_edivd      c_w.l(btod.o)
    0x08001642   0x08001642   0x00000028   Code   RO         2354    CL$$btod_emul       c_w.l(btod.o)
    0x0800166a   0x0800166a   0x00000028   Code   RO         2356    CL$$btod_emuld      c_w.l(btod.o)
    0x08001692   0x08001692   0x00000244   Code   RO         2360    CL$$btod_mult_common  c_w.l(btod.o)
    0x080018d6   0x080018d6   0x00000002   PAD
    0x080018d8   0x080018d8   0x00000034   Code   RO         1784    i.AD9834_Init       ad9834.o
    0x0800190c   0x0800190c   0x00000048   Code   RO         1785    i.AD9834_Select_Wave  ad9834.o
    0x08001954   0x08001954   0x00000054   Code   RO         1786    i.AD9834_Set_Freq   ad9834.o
    0x080019a8   0x080019a8   0x00000074   Code   RO         1787    i.AD9834_Write_Data  ad9834.o
    0x08001a1c   0x08001a1c   0x0000003c   Code   RO         1933    i.AD9959_SetAmp4Channel  ad9959.o
    0x08001a58   0x08001a58   0x0000003c   Code   RO         1934    i.AD9959_SetFrequency4Channel  ad9959.o
    0x08001a94   0x08001a94   0x0000003c   Code   RO         1935    i.AD9959_SetPhase4Channel  ad9959.o
    0x08001ad0   0x08001ad0   0x0000003c   Code   RO         1829    i.Amp_convert       ad9910.o
    0x08001b0c   0x08001b0c   0x00000002   Code   RO          229    i.BusFault_Handler  stm32f1xx_it.o
    0x08001b0e   0x08001b0e   0x00000002   Code   RO          230    i.DebugMon_Handler  stm32f1xx_it.o
    0x08001b10   0x08001b10   0x00000004   Code   RO           13    i.Error_Handler     main.o
    0x08001b14   0x08001b14   0x00000038   Code   RO         1830    i.Freq_convert      ad9910.o
    0x08001b4c   0x08001b4c   0x00000046   Code   RO         1150    i.HAL_DMA_Abort     stm32f1xx_hal_dma.o
    0x08001b92   0x08001b92   0x00000002   PAD
    0x08001b94   0x08001b94   0x00000098   Code   RO         1151    i.HAL_DMA_Abort_IT  stm32f1xx_hal_dma.o
    0x08001c2c   0x08001c2c   0x000001e0   Code   RO         1086    i.HAL_GPIO_Init     stm32f1xx_hal_gpio.o
    0x08001e0c   0x08001e0c   0x0000000a   Code   RO         1090    i.HAL_GPIO_WritePin  stm32f1xx_hal_gpio.o
    0x08001e16   0x08001e16   0x00000002   PAD
    0x08001e18   0x08001e18   0x0000000c   Code   RO          780    i.HAL_GetTick       stm32f1xx_hal.o
    0x08001e24   0x08001e24   0x00000010   Code   RO          786    i.HAL_IncTick       stm32f1xx_hal.o
    0x08001e34   0x08001e34   0x00000024   Code   RO          787    i.HAL_Init          stm32f1xx_hal.o
    0x08001e58   0x08001e58   0x00000040   Code   RO          788    i.HAL_InitTick      stm32f1xx_hal.o
    0x08001e98   0x08001e98   0x0000003c   Code   RO          310    i.HAL_MspInit       stm32f1xx_hal_msp.o
    0x08001ed4   0x08001ed4   0x0000001a   Code   RO         1246    i.HAL_NVIC_EnableIRQ  stm32f1xx_hal_cortex.o
    0x08001eee   0x08001eee   0x00000002   PAD
    0x08001ef0   0x08001ef0   0x00000040   Code   RO         1252    i.HAL_NVIC_SetPriority  stm32f1xx_hal_cortex.o
    0x08001f30   0x08001f30   0x00000024   Code   RO         1253    i.HAL_NVIC_SetPriorityGrouping  stm32f1xx_hal_cortex.o
    0x08001f54   0x08001f54   0x0000012c   Code   RO          944    i.HAL_RCC_ClockConfig  stm32f1xx_hal_rcc.o
    0x08002080   0x08002080   0x00000020   Code   RO          951    i.HAL_RCC_GetPCLK1Freq  stm32f1xx_hal_rcc.o
    0x080020a0   0x080020a0   0x00000020   Code   RO          952    i.HAL_RCC_GetPCLK2Freq  stm32f1xx_hal_rcc.o
    0x080020c0   0x080020c0   0x0000004c   Code   RO          953    i.HAL_RCC_GetSysClockFreq  stm32f1xx_hal_rcc.o
    0x0800210c   0x0800210c   0x00000048   Code   RO          954    i.HAL_RCC_MCOConfig  stm32f1xx_hal_rcc.o
    0x08002154   0x08002154   0x00000320   Code   RO          956    i.HAL_RCC_OscConfig  stm32f1xx_hal_rcc.o
    0x08002474   0x08002474   0x00000018   Code   RO         1255    i.HAL_SYSTICK_CLKSourceConfig  stm32f1xx_hal_cortex.o
    0x0800248c   0x0800248c   0x00000028   Code   RO         1257    i.HAL_SYSTICK_Config  stm32f1xx_hal_cortex.o
    0x080024b4   0x080024b4   0x00000002   Code   RO          418    i.HAL_UARTEx_RxEventCallback  stm32f1xx_hal_uart.o
    0x080024b6   0x080024b6   0x00000002   Code   RO          432    i.HAL_UART_ErrorCallback  stm32f1xx_hal_uart.o
    0x080024b8   0x080024b8   0x0000026c   Code   RO          435    i.HAL_UART_IRQHandler  stm32f1xx_hal_uart.o
    0x08002724   0x08002724   0x00000064   Code   RO          436    i.HAL_UART_Init     stm32f1xx_hal_uart.o
    0x08002788   0x08002788   0x00000080   Code   RO          188    i.HAL_UART_MspInit  usart.o
    0x08002808   0x08002808   0x00000002   Code   RO          442    i.HAL_UART_RxCpltCallback  stm32f1xx_hal_uart.o
    0x0800280a   0x0800280a   0x00000002   Code   RO          447    i.HAL_UART_TxCpltCallback  stm32f1xx_hal_uart.o
    0x0800280c   0x0800280c   0x00000002   Code   RO          231    i.HardFault_Handler  stm32f1xx_it.o
    0x0800280e   0x0800280e   0x00000002   PAD
    0x08002810   0x08002810   0x00000038   Code   RO         1937    i.IO_Update         ad9959.o
    0x08002848   0x08002848   0x00000020   Code   RO         1938    i.Init_AD9959       ad9959.o
    0x08002868   0x08002868   0x00000140   Code   RO         1831    i.Init_ad9910       ad9910.o
    0x080029a8   0x080029a8   0x00000038   Code   RO         1939    i.IntReset          ad9959.o
    0x080029e0   0x080029e0   0x00000038   Code   RO         1940    i.Intserve          ad9959.o
    0x08002a18   0x08002a18   0x000000c0   Code   RO          163    i.MX_GPIO_Init      gpio.o
    0x08002ad8   0x08002ad8   0x00000038   Code   RO          189    i.MX_USART1_UART_Init  usart.o
    0x08002b10   0x08002b10   0x00000002   Code   RO          232    i.MemManage_Handler  stm32f1xx_it.o
    0x08002b12   0x08002b12   0x00000002   PAD
    0x08002b14   0x08002b14   0x00000030   Code   RO         2099    i.MyUSART1_CanReadLine  myusart1.o
    0x08002b44   0x08002b44   0x00000034   Code   RO         2103    i.MyUSART1_IRQHandler  myusart1.o
    0x08002b78   0x08002b78   0x00000014   Code   RO         2104    i.MyUSART1_Init     myusart1.o
    0x08002b8c   0x08002b8c   0x00000048   Code   RO         2109    i.MyUSART1_ReadLine  myusart1.o
    0x08002bd4   0x08002bd4   0x00000002   Code   RO          233    i.NMI_Handler       stm32f1xx_it.o
    0x08002bd6   0x08002bd6   0x00000002   Code   RO          234    i.PendSV_Handler    stm32f1xx_it.o
    0x08002bd8   0x08002bd8   0x00000002   Code   RO          235    i.SVC_Handler       stm32f1xx_it.o
    0x08002bda   0x08002bda   0x00000004   Code   RO          236    i.SysTick_Handler   stm32f1xx_it.o
    0x08002bde   0x08002bde   0x00000068   Code   RO           14    i.SystemClock_Config  main.o
    0x08002c46   0x08002c46   0x00000002   Code   RO         1747    i.SystemInit        system_stm32f1xx.o
    0x08002c48   0x08002c48   0x00000050   Code   RO         1838    i.Txprodile0        ad9910.o
    0x08002c98   0x08002c98   0x00000010   Code   RO          449    i.UART_DMAAbortOnError  stm32f1xx_hal_uart.o
    0x08002ca8   0x08002ca8   0x0000004e   Code   RO          459    i.UART_EndRxTransfer  stm32f1xx_hal_uart.o
    0x08002cf6   0x08002cf6   0x000000c2   Code   RO          461    i.UART_Receive_IT   stm32f1xx_hal_uart.o
    0x08002db8   0x08002db8   0x000000b8   Code   RO          462    i.UART_SetConfig    stm32f1xx_hal_uart.o
    0x08002e70   0x08002e70   0x0000001c   Code   RO          237    i.USART1_IRQHandler  stm32f1xx_it.o
    0x08002e8c   0x08002e8c   0x000002bc   Code   RO         2252    i.USTART_Control    usart_control.o
    0x08003148   0x08003148   0x00000002   Code   RO          238    i.UsageFault_Handler  stm32f1xx_it.o
    0x0800314a   0x0800314a   0x00000002   PAD
    0x0800314c   0x0800314c   0x000000d8   Code   RO         1941    i.WriteData_AD9959  ad9959.o
    0x08003224   0x08003224   0x00000058   Code   RO         1942    i.Write_Amplitude   ad9959.o
    0x0800327c   0x0800327c   0x00000070   Code   RO         1943    i.Write_Phase       ad9959.o
    0x080032ec   0x080032ec   0x00000088   Code   RO         1944    i.Write_frequence   ad9959.o
    0x08003374   0x08003374   0x0000002c   Code   RO         2118    i.__MyUSART1_Shift  myusart1.o
    0x080033a0   0x080033a0   0x00000020   Code   RO         1259    i.__NVIC_SetPriority  stm32f1xx_hal_cortex.o
    0x080033c0   0x080033c0   0x0000000e   Code   RO         2521    i.__mathlib_dbl_overflow  m_ws.l(dunder.o)
    0x080033ce   0x080033ce   0x00000002   PAD
    0x080033d0   0x080033d0   0x00000010   Code   RO         2523    i.__mathlib_dbl_underflow  m_ws.l(dunder.o)
    0x080033e0   0x080033e0   0x00000010   Code   RO         2387    i.__mathlib_narrow  m_ws.l(narrow.o)
    0x080033f0   0x080033f0   0x00000088   Code   RO         2388    i.__mathlib_tofloat  m_ws.l(narrow.o)
    0x08003478   0x08003478   0x00000016   Code   RO         2493    i.__support_ldexp   m_ws.l(ldexp.o)
    0x0800348e   0x0800348e   0x0000000e   Code   RO         2308    i._is_digit         c_w.l(scanf_fp.o)
    0x0800349c   0x0800349c   0x0000000c   Code   RO         1945    i.delay1            ad9959.o
    0x080034a8   0x080034a8   0x00000014   Code   RO         2047    i.delay_init        delay.o
    0x080034bc   0x080034bc   0x0000000a   Code   RO         2048    i.delay_ms          delay.o
    0x080034c6   0x080034c6   0x00000002   PAD
    0x080034c8   0x080034c8   0x00000034   Code   RO         2050    i.delay_us          delay.o
    0x080034fc   0x080034fc   0x00000058   Code   RO         2468    i.frexp             m_ws.l(frexp.o)
    0x08003554   0x08003554   0x00000074   Code   RO         2494    i.ldexp             m_ws.l(ldexp.o)
    0x080035c8   0x080035c8   0x00000088   Code   RO           15    i.main              main.o
    0x08003650   0x08003650   0x00000050   Code   RO         1841    i.txd_8bit          ad9910.o
    0x080036a0   0x080036a0   0x0000002c   Code   RO         2374    locale$$code        c_w.l(lc_numeric_c.o)
    0x080036cc   0x080036cc   0x0000002c   Code   RO         2478    locale$$code        c_w.l(lc_ctype_c.o)
    0x080036f8   0x080036f8   0x00000062   Code   RO         2461    x$fpl$d2f           fz_ws.l(d2f.o)
    0x0800375a   0x0800375a   0x00000002   PAD
    0x0800375c   0x0800375c   0x00000010   Code   RO         2515    x$fpl$dcheck1       fz_ws.l(dcheck1.o)
    0x0800376c   0x0800376c   0x00000018   Code   RO         2482    x$fpl$dcmpinf       fz_ws.l(dcmpi.o)
    0x08003784   0x08003784   0x00000078   Code   RO         2463    x$fpl$deqf          fz_ws.l(deqf.o)
    0x080037fc   0x080037fc   0x0000005a   Code   RO         2291    x$fpl$dfixu         fz_ws.l(dfixu.o)
    0x08003856   0x08003856   0x00000026   Code   RO         2295    x$fpl$dfltu         fz_ws.l(dflt_clz.o)
    0x0800387c   0x0800387c   0x00000078   Code   RO         2484    x$fpl$dleqf         fz_ws.l(dleqf.o)
    0x080038f4   0x080038f4   0x00000154   Code   RO         2301    x$fpl$dmul          fz_ws.l(dmul.o)
    0x08003a48   0x08003a48   0x0000009c   Code   RO         2314    x$fpl$dnaninf       fz_ws.l(dnaninf.o)
    0x08003ae4   0x08003ae4   0x0000000c   Code   RO         2316    x$fpl$dretinf       fz_ws.l(dretinf.o)
    0x08003af0   0x08003af0   0x0000006c   Code   RO         2465    x$fpl$drleqf        fz_ws.l(drleqf.o)
    0x08003b5c   0x08003b5c   0x0000000a   Code   RO         2488    x$fpl$fretinf       fz_ws.l(fretinf.o)
    0x08003b66   0x08003b66   0x00000064   Code   RO         2555    x$fpl$retnan        fz_ws.l(retnan.o)
    0x08003bca   0x08003bca   0x0000005c   Code   RO         2490    x$fpl$scalbn        fz_ws.l(scalbn.o)
    0x08003c26   0x08003c26   0x00000004   Code   RO         2303    x$fpl$scanf1        fz_ws.l(scanf1.o)
    0x08003c2a   0x08003c2a   0x00000008   Code   RO         2381    x$fpl$scanf2        fz_ws.l(scanf2.o)
    0x08003c32   0x08003c32   0x00000030   Code   RO         2581    x$fpl$trapveneer    fz_ws.l(trapv.o)
    0x08003c62   0x08003c62   0x00000000   Code   RO         2318    x$fpl$usenofp       fz_ws.l(usenofp.o)
    0x08003c62   0x08003c62   0x00000012   Data   RO          957    .constdata          stm32f1xx_hal_rcc.o
    0x08003c74   0x08003c74   0x00000010   Data   RO         1748    .constdata          system_stm32f1xx.o
    0x08003c84   0x08003c84   0x00000008   Data   RO         1749    .constdata          system_stm32f1xx.o
    0x08003c8c   0x08003c8c   0x00000094   Data   RO         2349    .constdata          c_w.l(bigflt0.o)
    0x08003d20   0x08003d20   0x00000020   Data   RO         2607    Region$$Table       anon$$obj.o
    0x08003d40   0x08003d40   0x00000008   Data   RO         2376    c$$dinf             fz_ws.l(fpconst.o)
    0x08003d48   0x08003d48   0x0000001c   Data   RO         2373    locale$$data        c_w.l(lc_numeric_c.o)
    0x08003d64   0x08003d64   0x00000110   Data   RO         2477    locale$$data        c_w.l(lc_ctype_c.o)


    Execution Region RW_IRAM1 (Exec base: 0x20000000, Load base: 0x08003e74, Size: 0x00000770, Max: 0x00005000, ABSOLUTE)

    Exec Addr    Load Addr    Size         Type   Attr      Idx    E Section Name        Object

    0x20000000   0x08003e74   0x0000000c   Data   RW          794    .data               stm32f1xx_hal.o
    0x2000000c   0x08003e80   0x00000004   Data   RW         1750    .data               system_stm32f1xx.o
    0x20000010   0x08003e84   0x0000001c   Data   RW         1844    .data               ad9910.o
    0x2000002c   0x08003ea0   0x0000000b   Data   RW         1947    .data               ad9959.o
    0x20000037   0x08003eab   0x00000001   PAD
    0x20000038   0x08003eac   0x00000002   Data   RW         2051    .data               delay.o
    0x2000003a   0x08003eae   0x00000002   PAD
    0x2000003c   0x08003eb0   0x0000000c   Data   RW         2121    .data               myusart1.o
    0x20000048   0x08003ebc   0x00000018   Data   RW         2253    .data               usart_control.o
    0x20000060        -       0x00000048   Zero   RW          190    .bss                usart.o
    0x200000a8        -       0x00000064   Zero   RW         2120    .bss                myusart1.o
    0x2000010c        -       0x00000060   Zero   RW         2394    .bss                c_w.l(libspace.o)
    0x2000016c   0x08003ed4   0x00000004   PAD
    0x20000170        -       0x00000200   Zero   RW            2    HEAP                startup_stm32f103xb.o
    0x20000370        -       0x00000400   Zero   RW            1    STACK               startup_stm32f103xb.o


==============================================================================

Image component sizes


      Code (inc. data)   RO Data    RW Data    ZI Data      Debug   Object Name

       324         22          0          0          0       2233   ad9834.o
       596         52          0         28          0       3627   ad9910.o
       944         80          0         11          0       7410   ad9959.o
        82          8          0          2          0       1543   delay.o
       192         14          0          0          0        927   gpio.o
       244         18          0          0          0     395192   main.o
       236         44          0         12        100       4763   myusart1.o
        64         26        236          0       1536        788   startup_stm32f103xb.o
       128         24          0         12          0       5097   stm32f1xx_hal.o
       222         14          0          0          0      28985   stm32f1xx_hal_cortex.o
       222          4          0          0          0       1607   stm32f1xx_hal_dma.o
       490         34          0          0          0       2484   stm32f1xx_hal_gpio.o
        60          8          0          0          0        822   stm32f1xx_hal_msp.o
      1312         92         18          0          0       5388   stm32f1xx_hal_rcc.o
      1200         10          0          0          0       7188   stm32f1xx_hal_uart.o
        48         10          0          0          0       4106   stm32f1xx_it.o
         2          0         24          4          0       1047   system_stm32f1xx.o
       184         20          0          0         72       1566   usart.o
       700         12          0         24          0       1217   usart_control.o

    ----------------------------------------------------------------------
      7264        492        310         96       1708     475990   Object Totals
         0          0         32          0          0          0   (incl. Generated)
        14          0          0          3          0          0   (incl. Padding)

    ----------------------------------------------------------------------

      Code (inc. data)   RO Data    RW Data    ZI Data      Debug   Library Member Name

        60          8          0          0          0         84   __0sscanf.o
         8          0          0          0          0         68   __main.o
         0          0          0          0          0          0   __rtentry.o
        12          0          0          0          0          0   __rtentry2.o
         6          0          0          0          0          0   __rtentry4.o
        52          8          0          0          0          0   __scatter.o
        26          0          0          0          0          0   __scatter_copy.o
        28          0          0          0          0          0   __scatter_zi.o
        28          0          0          0          0         68   _chval.o
        22          0          0          0          0        100   _rserrno.o
       884          6          0          0          0        100   _scanf.o
        64          0          0          0          0         84   _sgetc.o
       220          4        148          0          0         96   bigflt0.o
      1846        132          0          0          0        736   btod.o
        12          0          0          0          0         72   exit.o
         6          0          0          0          0        152   heapauxi.o
         0          0          0          0          0          0   indicate_semi.o
        18          0          0          0          0         76   isspace.o
        44         10        272          0          0         76   lc_ctype_c.o
        44         10         28          0          0         76   lc_numeric_c.o
         2          0          0          0          0          0   libinit.o
        30          0          0          0          0          0   libinit2.o
         2          0          0          0          0          0   libshutdown.o
         2          0          0          0          0          0   libshutdown2.o
         8          4          0          0         96         68   libspace.o
        38          0          0          0          0         68   llshl.o
        16          4          0          0          0         76   rt_ctype_table.o
         8          4          0          0          0         68   rt_errno_addr_intlibspace.o
         8          4          0          0          0         68   rt_locale_intlibspace.o
        78          0          0          0          0         80   rt_memclr_w.o
         2          0          0          0          0          0   rtexit.o
        10          0          0          0          0          0   rtexit2.o
        44          8          0          0          0         84   scanf_char.o
      1202         12          0          0          0        216   scanf_fp.o
       792         14          0          0          0        100   scanf_hexfp.o
       308         16          0          0          0        100   scanf_infnan.o
       128          0          0          0          0         68   strcmpv7m.o
        12          4          0          0          0         68   sys_exit.o
        74          0          0          0          0         80   sys_stackheap_outer.o
         2          0          0          0          0         68   use_no_semi.o
        98          4          0          0          0         92   d2f.o
        16          4          0          0          0         68   dcheck1.o
        24          0          0          0          0         68   dcmpi.o
       120          4          0          0          0         92   deqf.o
        90          4          0          0          0         92   dfixu.o
        38          0          0          0          0         68   dflt_clz.o
       120          4          0          0          0         92   dleqf.o
       340         12          0          0          0        104   dmul.o
       156          4          0          0          0         92   dnaninf.o
        12          0          0          0          0         68   dretinf.o
       108          0          0          0          0         80   drleqf.o
         0          0          8          0          0          0   fpconst.o
        10          0          0          0          0         68   fretinf.o
       100          0          0          0          0         68   retnan.o
        92          0          0          0          0         68   scalbn.o
         4          0          0          0          0         68   scanf1.o
         8          0          0          0          0         84   scanf2.o
        48          0          0          0          0         68   trapv.o
         0          0          0          0          0          0   usenofp.o
        30          6          0          0          0        136   dunder.o
        88          8          0          0          0         76   frexp.o
       138          0          0          0          0        160   ldexp.o
       152          4          0          0          0        168   narrow.o

    ----------------------------------------------------------------------
      7958        304        456          0        100       4880   Library Totals
        20          2          0          0          4          0   (incl. Padding)

    ----------------------------------------------------------------------

      Code (inc. data)   RO Data    RW Data    ZI Data      Debug   Library Name

      6146        248        448          0         96       3000   c_w.l
      1384         36          8          0          0       1340   fz_ws.l
       408         18          0          0          0        540   m_ws.l

    ----------------------------------------------------------------------
      7958        304        456          0        100       4880   Library Totals

    ----------------------------------------------------------------------

==============================================================================


      Code (inc. data)   RO Data    RW Data    ZI Data      Debug   

     15222        796        766         96       1808     474210   Grand Totals
     15222        796        766         96       1808     474210   ELF Image Totals
     15222        796        766         96          0          0   ROM Totals

==============================================================================

    Total RO  Size (Code + RO Data)                15988 (  15.61kB)
    Total RW  Size (RW Data + ZI Data)              1904 (   1.86kB)
    Total ROM Size (Code + RO Data + RW Data)      16084 (  15.71kB)

==============================================================================

